<!doctype html public "-//w3c//dtd html 4.0 transitional//en">
<html><head>
<title>Static Call Graph - [STM32_LiteOs_Project\STM32_LiteOs_Project.axf]</title></head>
<body><HR>
<H1>Static Call Graph for image STM32_LiteOs_Project\STM32_LiteOs_Project.axf</H1><HR>
<BR><P>#&#060CALLGRAPH&#062# ARM Linker, 5060750: Last Updated: Tue Apr 16 17:18:41 2019
<BR><P>
<H3>Maximum Stack Usage =        264 bytes + Unknown(Functions without stacksize, Cycles, Untraceable Function Pointers)</H3><H3>
Call chain for Maximum Stack Depth:</H3>
main &rArr; SystemClock_Config &rArr; HAL_RCC_OscConfig &rArr; HAL_InitTick &rArr; HAL_NVIC_SetPriority
<P>
<H3>
Functions with no stack information
</H3><UL>
 <LI><a href="#[e4]">LOS_StartToRun</a>
 <LI><a href="#[b7]">LOS_IntLock</a>
 <LI><a href="#[11c]">LOS_IntUnLock</a>
 <LI><a href="#[b8]">LOS_IntRestore</a>
 <LI><a href="#[df]">osTaskSchedule</a>
 <LI><a href="#[12]">PendSV_Handler</a>
</UL>
</UL>
<P>
<H3>
Mutually Recursive functions
</H3> <LI><a href="#[26]">ADC1_IRQHandler</a>&nbsp;&nbsp;&nbsp;&rArr;&nbsp;&nbsp;&nbsp;<a href="#[26]">ADC1_IRQHandler</a><BR>
 <LI><a href="#[e]">BusFault_Handler</a>&nbsp;&nbsp;&nbsp;&rArr;&nbsp;&nbsp;&nbsp;<a href="#[e]">BusFault_Handler</a><BR>
 <LI><a href="#[c]">HardFault_Handler</a>&nbsp;&nbsp;&nbsp;&rArr;&nbsp;&nbsp;&nbsp;<a href="#[c]">HardFault_Handler</a><BR>
 <LI><a href="#[d]">MemManage_Handler</a>&nbsp;&nbsp;&nbsp;&rArr;&nbsp;&nbsp;&nbsp;<a href="#[d]">MemManage_Handler</a><BR>
 <LI><a href="#[f]">UsageFault_Handler</a>&nbsp;&nbsp;&nbsp;&rArr;&nbsp;&nbsp;&nbsp;<a href="#[f]">UsageFault_Handler</a><BR>
 <LI><a href="#[65]">osIdleTask</a>&nbsp;&nbsp;&nbsp;&rArr;&nbsp;&nbsp;&nbsp;<a href="#[65]">osIdleTask</a><BR>
</UL>
<P>
<H3>
Function Pointers
</H3><UL>
 <LI><a href="#[26]">ADC1_IRQHandler</a> from startup_stm32l431xx.o(.text) referenced from startup_stm32l431xx.o(RESET)
 <LI><a href="#[e]">BusFault_Handler</a> from stm32l4xx_it.o(i.BusFault_Handler) referenced from startup_stm32l431xx.o(RESET)
 <LI><a href="#[28]">CAN1_RX0_IRQHandler</a> from startup_stm32l431xx.o(.text) referenced from startup_stm32l431xx.o(RESET)
 <LI><a href="#[29]">CAN1_RX1_IRQHandler</a> from startup_stm32l431xx.o(.text) referenced from startup_stm32l431xx.o(RESET)
 <LI><a href="#[2a]">CAN1_SCE_IRQHandler</a> from startup_stm32l431xx.o(.text) referenced from startup_stm32l431xx.o(RESET)
 <LI><a href="#[27]">CAN1_TX_IRQHandler</a> from startup_stm32l431xx.o(.text) referenced from startup_stm32l431xx.o(RESET)
 <LI><a href="#[45]">COMP_IRQHandler</a> from startup_stm32l431xx.o(.text) referenced from startup_stm32l431xx.o(RESET)
 <LI><a href="#[53]">CRS_IRQHandler</a> from startup_stm32l431xx.o(.text) referenced from startup_stm32l431xx.o(RESET)
 <LI><a href="#[1f]">DMA1_Channel1_IRQHandler</a> from startup_stm32l431xx.o(.text) referenced from startup_stm32l431xx.o(RESET)
 <LI><a href="#[20]">DMA1_Channel2_IRQHandler</a> from startup_stm32l431xx.o(.text) referenced from startup_stm32l431xx.o(RESET)
 <LI><a href="#[21]">DMA1_Channel3_IRQHandler</a> from startup_stm32l431xx.o(.text) referenced from startup_stm32l431xx.o(RESET)
 <LI><a href="#[22]">DMA1_Channel4_IRQHandler</a> from startup_stm32l431xx.o(.text) referenced from startup_stm32l431xx.o(RESET)
 <LI><a href="#[23]">DMA1_Channel5_IRQHandler</a> from startup_stm32l431xx.o(.text) referenced from startup_stm32l431xx.o(RESET)
 <LI><a href="#[24]">DMA1_Channel6_IRQHandler</a> from startup_stm32l431xx.o(.text) referenced from startup_stm32l431xx.o(RESET)
 <LI><a href="#[25]">DMA1_Channel7_IRQHandler</a> from startup_stm32l431xx.o(.text) referenced from startup_stm32l431xx.o(RESET)
 <LI><a href="#[40]">DMA2_Channel1_IRQHandler</a> from startup_stm32l431xx.o(.text) referenced from startup_stm32l431xx.o(RESET)
 <LI><a href="#[41]">DMA2_Channel2_IRQHandler</a> from startup_stm32l431xx.o(.text) referenced from startup_stm32l431xx.o(RESET)
 <LI><a href="#[42]">DMA2_Channel3_IRQHandler</a> from startup_stm32l431xx.o(.text) referenced from startup_stm32l431xx.o(RESET)
 <LI><a href="#[43]">DMA2_Channel4_IRQHandler</a> from startup_stm32l431xx.o(.text) referenced from startup_stm32l431xx.o(RESET)
 <LI><a href="#[44]">DMA2_Channel5_IRQHandler</a> from startup_stm32l431xx.o(.text) referenced from startup_stm32l431xx.o(RESET)
 <LI><a href="#[48]">DMA2_Channel6_IRQHandler</a> from startup_stm32l431xx.o(.text) referenced from startup_stm32l431xx.o(RESET)
 <LI><a href="#[49]">DMA2_Channel7_IRQHandler</a> from startup_stm32l431xx.o(.text) referenced from startup_stm32l431xx.o(RESET)
 <LI><a href="#[11]">DebugMon_Handler</a> from stm32l4xx_it.o(i.DebugMon_Handler) referenced from startup_stm32l431xx.o(RESET)
 <LI><a href="#[1a]">EXTI0_IRQHandler</a> from startup_stm32l431xx.o(.text) referenced from startup_stm32l431xx.o(RESET)
 <LI><a href="#[3a]">EXTI15_10_IRQHandler</a> from startup_stm32l431xx.o(.text) referenced from startup_stm32l431xx.o(RESET)
 <LI><a href="#[1b]">EXTI1_IRQHandler</a> from startup_stm32l431xx.o(.text) referenced from startup_stm32l431xx.o(RESET)
 <LI><a href="#[1c]">EXTI2_IRQHandler</a> from startup_stm32l431xx.o(.text) referenced from startup_stm32l431xx.o(RESET)
 <LI><a href="#[1d]">EXTI3_IRQHandler</a> from startup_stm32l431xx.o(.text) referenced from startup_stm32l431xx.o(RESET)
 <LI><a href="#[1e]">EXTI4_IRQHandler</a> from startup_stm32l431xx.o(.text) referenced from startup_stm32l431xx.o(RESET)
 <LI><a href="#[2b]">EXTI9_5_IRQHandler</a> from startup_stm32l431xx.o(.text) referenced from startup_stm32l431xx.o(RESET)
 <LI><a href="#[9]">Example_Dyn_Mem</a> from los_api_dynamic_mem.o(i.Example_Dyn_Mem) referenced 2 times from los_inspect_entry.o(.data)
 <LI><a href="#[5f]">Example_Event</a> from los_api_event.o(i.Example_Event) referenced from los_api_event.o(i.Example_SndRcvEvent)
 <LI><a href="#[5]">Example_GetTick</a> from los_api_systick.o(i.Example_GetTick) referenced 2 times from los_inspect_entry.o(.data)
 <LI><a href="#[2]">Example_MsgQueue</a> from los_api_msgqueue.o(i.Example_MsgQueue) referenced 2 times from los_inspect_entry.o(.data)
 <LI><a href="#[4]">Example_MutexLock</a> from los_api_mutex.o(i.Example_MutexLock) referenced 2 times from los_inspect_entry.o(.data)
 <LI><a href="#[5b]">Example_MutexTask1</a> from los_api_mutex.o(i.Example_MutexTask1) referenced from los_api_mutex.o(i.Example_MutexLock)
 <LI><a href="#[5c]">Example_MutexTask2</a> from los_api_mutex.o(i.Example_MutexTask2) referenced from los_api_mutex.o(i.Example_MutexLock)
 <LI><a href="#[5d]">Example_SemTask1</a> from los_api_sem.o(i.Example_SemTask1) referenced from los_api_sem.o(i.Example_Semphore)
 <LI><a href="#[5e]">Example_SemTask2</a> from los_api_sem.o(i.Example_SemTask2) referenced from los_api_sem.o(i.Example_Semphore)
 <LI><a href="#[3]">Example_Semphore</a> from los_api_sem.o(i.Example_Semphore) referenced 2 times from los_inspect_entry.o(.data)
 <LI><a href="#[1]">Example_SndRcvEvent</a> from los_api_event.o(i.Example_SndRcvEvent) referenced 2 times from los_inspect_entry.o(.data)
 <LI><a href="#[8]">Example_StaticMem</a> from los_api_static_mem.o(i.Example_StaticMem) referenced 2 times from los_inspect_entry.o(.data)
 <LI><a href="#[60]">Example_TaskHi</a> from los_api_task.o(i.Example_TaskHi) referenced from los_api_task.o(i.Example_TskCaseEntry)
 <LI><a href="#[57]">Example_TaskHi_1</a> from ex_task.o(i.Example_TaskHi_1) referenced from ex_task.o(i.Example_Entry)
 <LI><a href="#[61]">Example_TaskLo</a> from los_api_task.o(i.Example_TaskLo) referenced from los_api_task.o(i.Example_TskCaseEntry)
 <LI><a href="#[58]">Example_TaskLo_1</a> from ex_task.o(i.Example_TaskLo_1) referenced from ex_task.o(i.Example_Entry)
 <LI><a href="#[0]">Example_TskCaseEntry</a> from los_api_task.o(i.Example_TskCaseEntry) referenced 2 times from los_inspect_entry.o(.data)
 <LI><a href="#[7]">Example_list</a> from los_api_list.o(i.Example_list) referenced 2 times from los_inspect_entry.o(.data)
 <LI><a href="#[6]">Example_swTimer</a> from los_api_timer.o(i.Example_swTimer) referenced 2 times from los_inspect_entry.o(.data)
 <LI><a href="#[18]">FLASH_IRQHandler</a> from startup_stm32l431xx.o(.text) referenced from startup_stm32l431xx.o(RESET)
 <LI><a href="#[52]">FPU_IRQHandler</a> from startup_stm32l431xx.o(.text) referenced from startup_stm32l431xx.o(RESET)
 <LI><a href="#[c]">HardFault_Handler</a> from stm32l4xx_it.o(i.HardFault_Handler) referenced from startup_stm32l431xx.o(RESET)
 <LI><a href="#[32]">I2C1_ER_IRQHandler</a> from startup_stm32l431xx.o(.text) referenced from startup_stm32l431xx.o(RESET)
 <LI><a href="#[31]">I2C1_EV_IRQHandler</a> from startup_stm32l431xx.o(.text) referenced from startup_stm32l431xx.o(RESET)
 <LI><a href="#[34]">I2C2_ER_IRQHandler</a> from startup_stm32l431xx.o(.text) referenced from startup_stm32l431xx.o(RESET)
 <LI><a href="#[33]">I2C2_EV_IRQHandler</a> from startup_stm32l431xx.o(.text) referenced from startup_stm32l431xx.o(RESET)
 <LI><a href="#[4d]">I2C3_ER_IRQHandler</a> from startup_stm32l431xx.o(.text) referenced from startup_stm32l431xx.o(RESET)
 <LI><a href="#[4c]">I2C3_EV_IRQHandler</a> from startup_stm32l431xx.o(.text) referenced from startup_stm32l431xx.o(RESET)
 <LI><a href="#[46]">LPTIM1_IRQHandler</a> from startup_stm32l431xx.o(.text) referenced from startup_stm32l431xx.o(RESET)
 <LI><a href="#[47]">LPTIM2_IRQHandler</a> from startup_stm32l431xx.o(.text) referenced from startup_stm32l431xx.o(RESET)
 <LI><a href="#[4a]">LPUART1_IRQHandler</a> from startup_stm32l431xx.o(.text) referenced from startup_stm32l431xx.o(RESET)
 <LI><a href="#[d]">MemManage_Handler</a> from stm32l4xx_it.o(i.MemManage_Handler) referenced from startup_stm32l431xx.o(RESET)
 <LI><a href="#[b]">NMI_Handler</a> from stm32l4xx_it.o(i.NMI_Handler) referenced from startup_stm32l431xx.o(RESET)
 <LI><a href="#[15]">PVD_PVM_IRQHandler</a> from startup_stm32l431xx.o(.text) referenced from startup_stm32l431xx.o(RESET)
 <LI><a href="#[12]">PendSV_Handler</a> from los_dispatch_keil.o(.text) referenced from startup_stm32l431xx.o(RESET)
 <LI><a href="#[4b]">QUADSPI_IRQHandler</a> from startup_stm32l431xx.o(.text) referenced from startup_stm32l431xx.o(RESET)
 <LI><a href="#[19]">RCC_IRQHandler</a> from stm32l4xx_it.o(i.RCC_IRQHandler) referenced from startup_stm32l431xx.o(RESET)
 <LI><a href="#[51]">RNG_IRQHandler</a> from startup_stm32l431xx.o(.text) referenced from startup_stm32l431xx.o(RESET)
 <LI><a href="#[3b]">RTC_Alarm_IRQHandler</a> from startup_stm32l431xx.o(.text) referenced from startup_stm32l431xx.o(RESET)
 <LI><a href="#[17]">RTC_WKUP_IRQHandler</a> from startup_stm32l431xx.o(.text) referenced from startup_stm32l431xx.o(RESET)
 <LI><a href="#[a]">Reset_Handler</a> from startup_stm32l431xx.o(.text) referenced from startup_stm32l431xx.o(RESET)
 <LI><a href="#[4e]">SAI1_IRQHandler</a> from startup_stm32l431xx.o(.text) referenced from startup_stm32l431xx.o(RESET)
 <LI><a href="#[3c]">SDMMC1_IRQHandler</a> from startup_stm32l431xx.o(.text) referenced from startup_stm32l431xx.o(RESET)
 <LI><a href="#[35]">SPI1_IRQHandler</a> from startup_stm32l431xx.o(.text) referenced from startup_stm32l431xx.o(RESET)
 <LI><a href="#[36]">SPI2_IRQHandler</a> from startup_stm32l431xx.o(.text) referenced from startup_stm32l431xx.o(RESET)
 <LI><a href="#[3d]">SPI3_IRQHandler</a> from startup_stm32l431xx.o(.text) referenced from startup_stm32l431xx.o(RESET)
 <LI><a href="#[10]">SVC_Handler</a> from stm32l4xx_it.o(i.SVC_Handler) referenced from startup_stm32l431xx.o(RESET)
 <LI><a href="#[4f]">SWPMI1_IRQHandler</a> from startup_stm32l431xx.o(.text) referenced from startup_stm32l431xx.o(RESET)
 <LI><a href="#[13]">SysTick_Handler</a> from los_hwi.o(i.SysTick_Handler) referenced from startup_stm32l431xx.o(RESET)
 <LI><a href="#[55]">SystemInit</a> from system_stm32l4xx.o(i.SystemInit) referenced from startup_stm32l431xx.o(.text)
 <LI><a href="#[16]">TAMP_STAMP_IRQHandler</a> from startup_stm32l431xx.o(.text) referenced from startup_stm32l431xx.o(RESET)
 <LI><a href="#[2c]">TIM1_BRK_TIM15_IRQHandler</a> from startup_stm32l431xx.o(.text) referenced from startup_stm32l431xx.o(RESET)
 <LI><a href="#[2f]">TIM1_CC_IRQHandler</a> from startup_stm32l431xx.o(.text) referenced from startup_stm32l431xx.o(RESET)
 <LI><a href="#[2e]">TIM1_TRG_COM_IRQHandler</a> from startup_stm32l431xx.o(.text) referenced from startup_stm32l431xx.o(RESET)
 <LI><a href="#[2d]">TIM1_UP_TIM16_IRQHandler</a> from startup_stm32l431xx.o(.text) referenced from startup_stm32l431xx.o(RESET)
 <LI><a href="#[30]">TIM2_IRQHandler</a> from startup_stm32l431xx.o(.text) referenced from startup_stm32l431xx.o(RESET)
 <LI><a href="#[3e]">TIM6_DAC_IRQHandler</a> from startup_stm32l431xx.o(.text) referenced from startup_stm32l431xx.o(RESET)
 <LI><a href="#[3f]">TIM7_IRQHandler</a> from startup_stm32l431xx.o(.text) referenced from startup_stm32l431xx.o(RESET)
 <LI><a href="#[50]">TSC_IRQHandler</a> from startup_stm32l431xx.o(.text) referenced from startup_stm32l431xx.o(RESET)
 <LI><a href="#[62]">Timer1_Callback</a> from los_api_timer.o(i.Timer1_Callback) referenced from los_api_timer.o(i.Example_swTimer)
 <LI><a href="#[63]">Timer2_Callback</a> from los_api_timer.o(i.Timer2_Callback) referenced from los_api_timer.o(i.Example_swTimer)
 <LI><a href="#[64]">UART_DMAAbortOnError</a> from stm32l4xx_hal_uart.o(i.UART_DMAAbortOnError) referenced from stm32l4xx_hal_uart.o(i.HAL_UART_IRQHandler)
 <LI><a href="#[37]">USART1_IRQHandler</a> from stm32l4xx_it.o(i.USART1_IRQHandler) referenced from startup_stm32l431xx.o(RESET)
 <LI><a href="#[38]">USART2_IRQHandler</a> from stm32l4xx_it.o(i.USART2_IRQHandler) referenced from startup_stm32l431xx.o(RESET)
 <LI><a href="#[39]">USART3_IRQHandler</a> from startup_stm32l431xx.o(.text) referenced from startup_stm32l431xx.o(RESET)
 <LI><a href="#[f]">UsageFault_Handler</a> from stm32l4xx_it.o(i.UsageFault_Handler) referenced from startup_stm32l431xx.o(RESET)
 <LI><a href="#[14]">WWDG_IRQHandler</a> from startup_stm32l431xx.o(.text) referenced from startup_stm32l431xx.o(RESET)
 <LI><a href="#[56]">__main</a> from entry.o(.ARM.Collect$$$$00000000) referenced from startup_stm32l431xx.o(.text)
 <LI><a href="#[66]">fputc</a> from usart.o(i.fputc) referenced from printf8.o(i.__0printf$8)
 <LI><a href="#[54]">main</a> from main.o(i.main) referenced from entry9a.o(.ARM.Collect$$$$0000000B)
 <LI><a href="#[65]">osIdleTask</a> from los_task.o(i.osIdleTask) referenced from los_task.o(i.LOS_TaskCreateOnly)
 <LI><a href="#[65]">osIdleTask</a> from los_task.o(i.osIdleTask) referenced from los_task.o(i.osIdleTaskCreate)
 <LI><a href="#[67]">osSwTmrTask</a> from los_swtmr.o(i.osSwTmrTask) referenced from los_swtmr.o(i.osSwTmrTaskCreate)
 <LI><a href="#[6a]">osTaskEntry</a> from los_task.o(i.osTaskEntry) referenced from los_hw.o(i.osTskStackInit)
 <LI><a href="#[69]">osTaskExit</a> from los_hw.o(i.osTaskExit) referenced from los_hw.o(i.osTskStackInit)
 <LI><a href="#[68]">osTaskSwitchCheck</a> from los_task.o(i.osTaskSwitchCheck) referenced from los_task.o(i.osTaskMonInit)
 <LI><a href="#[5a]">recv_Entry</a> from los_api_msgqueue.o(i.recv_Entry) referenced from los_api_msgqueue.o(i.Example_MsgQueue)
 <LI><a href="#[59]">send_Entry</a> from los_api_msgqueue.o(i.send_Entry) referenced from los_api_msgqueue.o(i.Example_MsgQueue)
</UL>
<P>
<H3>
Global Symbols
</H3>
<P><STRONG><a name="[56]"></a>__main</STRONG> (Thumb, 0 bytes, Stack size unknown bytes, entry.o(.ARM.Collect$$$$00000000))
<BR>[Address Reference Count : 1]<UL><LI> startup_stm32l431xx.o(.text)
</UL>
<P><STRONG><a name="[116]"></a>_main_stk</STRONG> (Thumb, 0 bytes, Stack size unknown bytes, entry2.o(.ARM.Collect$$$$00000001))

<P><STRONG><a name="[6b]"></a>_main_scatterload</STRONG> (Thumb, 0 bytes, Stack size unknown bytes, entry5.o(.ARM.Collect$$$$00000004))
<BR><BR>[Calls]<UL><LI><a href="#[6c]">&gt;&gt;</a>&nbsp;&nbsp;&nbsp;__scatterload
</UL>

<P><STRONG><a name="[73]"></a>__main_after_scatterload</STRONG> (Thumb, 0 bytes, Stack size unknown bytes, entry5.o(.ARM.Collect$$$$00000004))
<BR><BR>[Called By]<UL><LI><a href="#[6c]">&gt;&gt;</a>&nbsp;&nbsp;&nbsp;__scatterload
</UL>

<P><STRONG><a name="[117]"></a>_main_clock</STRONG> (Thumb, 0 bytes, Stack size unknown bytes, entry7b.o(.ARM.Collect$$$$00000008))

<P><STRONG><a name="[118]"></a>_main_cpp_init</STRONG> (Thumb, 0 bytes, Stack size unknown bytes, entry8b.o(.ARM.Collect$$$$0000000A))

<P><STRONG><a name="[119]"></a>_main_init</STRONG> (Thumb, 0 bytes, Stack size unknown bytes, entry9a.o(.ARM.Collect$$$$0000000B))

<P><STRONG><a name="[11a]"></a>__rt_final_cpp</STRONG> (Thumb, 0 bytes, Stack size unknown bytes, entry10a.o(.ARM.Collect$$$$0000000D))

<P><STRONG><a name="[11b]"></a>__rt_final_exit</STRONG> (Thumb, 0 bytes, Stack size unknown bytes, entry11a.o(.ARM.Collect$$$$0000000F))

<P><STRONG><a name="[a]"></a>Reset_Handler</STRONG> (Thumb, 8 bytes, Stack size 0 bytes, startup_stm32l431xx.o(.text))
<BR>[Address Reference Count : 1]<UL><LI> startup_stm32l431xx.o(RESET)
</UL>
<P><STRONG><a name="[26]"></a>ADC1_IRQHandler</STRONG> (Thumb, 0 bytes, Stack size 0 bytes, startup_stm32l431xx.o(.text))
<BR><BR>[Calls]<UL><LI><a href="#[26]">&gt;&gt;</a>&nbsp;&nbsp;&nbsp;ADC1_IRQHandler
</UL>
<BR>[Called By]<UL><LI><a href="#[26]">&gt;&gt;</a>&nbsp;&nbsp;&nbsp;ADC1_IRQHandler
</UL>
<BR>[Address Reference Count : 1]<UL><LI> startup_stm32l431xx.o(RESET)
</UL>
<P><STRONG><a name="[28]"></a>CAN1_RX0_IRQHandler</STRONG> (Thumb, 0 bytes, Stack size 0 bytes, startup_stm32l431xx.o(.text))
<BR>[Address Reference Count : 1]<UL><LI> startup_stm32l431xx.o(RESET)
</UL>
<P><STRONG><a name="[29]"></a>CAN1_RX1_IRQHandler</STRONG> (Thumb, 0 bytes, Stack size 0 bytes, startup_stm32l431xx.o(.text))
<BR>[Address Reference Count : 1]<UL><LI> startup_stm32l431xx.o(RESET)
</UL>
<P><STRONG><a name="[2a]"></a>CAN1_SCE_IRQHandler</STRONG> (Thumb, 0 bytes, Stack size 0 bytes, startup_stm32l431xx.o(.text))
<BR>[Address Reference Count : 1]<UL><LI> startup_stm32l431xx.o(RESET)
</UL>
<P><STRONG><a name="[27]"></a>CAN1_TX_IRQHandler</STRONG> (Thumb, 0 bytes, Stack size 0 bytes, startup_stm32l431xx.o(.text))
<BR>[Address Reference Count : 1]<UL><LI> startup_stm32l431xx.o(RESET)
</UL>
<P><STRONG><a name="[45]"></a>COMP_IRQHandler</STRONG> (Thumb, 0 bytes, Stack size 0 bytes, startup_stm32l431xx.o(.text))
<BR>[Address Reference Count : 1]<UL><LI> startup_stm32l431xx.o(RESET)
</UL>
<P><STRONG><a name="[53]"></a>CRS_IRQHandler</STRONG> (Thumb, 0 bytes, Stack size 0 bytes, startup_stm32l431xx.o(.text))
<BR>[Address Reference Count : 1]<UL><LI> startup_stm32l431xx.o(RESET)
</UL>
<P><STRONG><a name="[1f]"></a>DMA1_Channel1_IRQHandler</STRONG> (Thumb, 0 bytes, Stack size 0 bytes, startup_stm32l431xx.o(.text))
<BR>[Address Reference Count : 1]<UL><LI> startup_stm32l431xx.o(RESET)
</UL>
<P><STRONG><a name="[20]"></a>DMA1_Channel2_IRQHandler</STRONG> (Thumb, 0 bytes, Stack size 0 bytes, startup_stm32l431xx.o(.text))
<BR>[Address Reference Count : 1]<UL><LI> startup_stm32l431xx.o(RESET)
</UL>
<P><STRONG><a name="[21]"></a>DMA1_Channel3_IRQHandler</STRONG> (Thumb, 0 bytes, Stack size 0 bytes, startup_stm32l431xx.o(.text))
<BR>[Address Reference Count : 1]<UL><LI> startup_stm32l431xx.o(RESET)
</UL>
<P><STRONG><a name="[22]"></a>DMA1_Channel4_IRQHandler</STRONG> (Thumb, 0 bytes, Stack size 0 bytes, startup_stm32l431xx.o(.text))
<BR>[Address Reference Count : 1]<UL><LI> startup_stm32l431xx.o(RESET)
</UL>
<P><STRONG><a name="[23]"></a>DMA1_Channel5_IRQHandler</STRONG> (Thumb, 0 bytes, Stack size 0 bytes, startup_stm32l431xx.o(.text))
<BR>[Address Reference Count : 1]<UL><LI> startup_stm32l431xx.o(RESET)
</UL>
<P><STRONG><a name="[24]"></a>DMA1_Channel6_IRQHandler</STRONG> (Thumb, 0 bytes, Stack size 0 bytes, startup_stm32l431xx.o(.text))
<BR>[Address Reference Count : 1]<UL><LI> startup_stm32l431xx.o(RESET)
</UL>
<P><STRONG><a name="[25]"></a>DMA1_Channel7_IRQHandler</STRONG> (Thumb, 0 bytes, Stack size 0 bytes, startup_stm32l431xx.o(.text))
<BR>[Address Reference Count : 1]<UL><LI> startup_stm32l431xx.o(RESET)
</UL>
<P><STRONG><a name="[40]"></a>DMA2_Channel1_IRQHandler</STRONG> (Thumb, 0 bytes, Stack size 0 bytes, startup_stm32l431xx.o(.text))
<BR>[Address Reference Count : 1]<UL><LI> startup_stm32l431xx.o(RESET)
</UL>
<P><STRONG><a name="[41]"></a>DMA2_Channel2_IRQHandler</STRONG> (Thumb, 0 bytes, Stack size 0 bytes, startup_stm32l431xx.o(.text))
<BR>[Address Reference Count : 1]<UL><LI> startup_stm32l431xx.o(RESET)
</UL>
<P><STRONG><a name="[42]"></a>DMA2_Channel3_IRQHandler</STRONG> (Thumb, 0 bytes, Stack size 0 bytes, startup_stm32l431xx.o(.text))
<BR>[Address Reference Count : 1]<UL><LI> startup_stm32l431xx.o(RESET)
</UL>
<P><STRONG><a name="[43]"></a>DMA2_Channel4_IRQHandler</STRONG> (Thumb, 0 bytes, Stack size 0 bytes, startup_stm32l431xx.o(.text))
<BR>[Address Reference Count : 1]<UL><LI> startup_stm32l431xx.o(RESET)
</UL>
<P><STRONG><a name="[44]"></a>DMA2_Channel5_IRQHandler</STRONG> (Thumb, 0 bytes, Stack size 0 bytes, startup_stm32l431xx.o(.text))
<BR>[Address Reference Count : 1]<UL><LI> startup_stm32l431xx.o(RESET)
</UL>
<P><STRONG><a name="[48]"></a>DMA2_Channel6_IRQHandler</STRONG> (Thumb, 0 bytes, Stack size 0 bytes, startup_stm32l431xx.o(.text))
<BR>[Address Reference Count : 1]<UL><LI> startup_stm32l431xx.o(RESET)
</UL>
<P><STRONG><a name="[49]"></a>DMA2_Channel7_IRQHandler</STRONG> (Thumb, 0 bytes, Stack size 0 bytes, startup_stm32l431xx.o(.text))
<BR>[Address Reference Count : 1]<UL><LI> startup_stm32l431xx.o(RESET)
</UL>
<P><STRONG><a name="[1a]"></a>EXTI0_IRQHandler</STRONG> (Thumb, 0 bytes, Stack size 0 bytes, startup_stm32l431xx.o(.text))
<BR>[Address Reference Count : 1]<UL><LI> startup_stm32l431xx.o(RESET)
</UL>
<P><STRONG><a name="[3a]"></a>EXTI15_10_IRQHandler</STRONG> (Thumb, 0 bytes, Stack size 0 bytes, startup_stm32l431xx.o(.text))
<BR>[Address Reference Count : 1]<UL><LI> startup_stm32l431xx.o(RESET)
</UL>
<P><STRONG><a name="[1b]"></a>EXTI1_IRQHandler</STRONG> (Thumb, 0 bytes, Stack size 0 bytes, startup_stm32l431xx.o(.text))
<BR>[Address Reference Count : 1]<UL><LI> startup_stm32l431xx.o(RESET)
</UL>
<P><STRONG><a name="[1c]"></a>EXTI2_IRQHandler</STRONG> (Thumb, 0 bytes, Stack size 0 bytes, startup_stm32l431xx.o(.text))
<BR>[Address Reference Count : 1]<UL><LI> startup_stm32l431xx.o(RESET)
</UL>
<P><STRONG><a name="[1d]"></a>EXTI3_IRQHandler</STRONG> (Thumb, 0 bytes, Stack size 0 bytes, startup_stm32l431xx.o(.text))
<BR>[Address Reference Count : 1]<UL><LI> startup_stm32l431xx.o(RESET)
</UL>
<P><STRONG><a name="[1e]"></a>EXTI4_IRQHandler</STRONG> (Thumb, 0 bytes, Stack size 0 bytes, startup_stm32l431xx.o(.text))
<BR>[Address Reference Count : 1]<UL><LI> startup_stm32l431xx.o(RESET)
</UL>
<P><STRONG><a name="[2b]"></a>EXTI9_5_IRQHandler</STRONG> (Thumb, 0 bytes, Stack size 0 bytes, startup_stm32l431xx.o(.text))
<BR>[Address Reference Count : 1]<UL><LI> startup_stm32l431xx.o(RESET)
</UL>
<P><STRONG><a name="[18]"></a>FLASH_IRQHandler</STRONG> (Thumb, 0 bytes, Stack size 0 bytes, startup_stm32l431xx.o(.text))
<BR>[Address Reference Count : 1]<UL><LI> startup_stm32l431xx.o(RESET)
</UL>
<P><STRONG><a name="[52]"></a>FPU_IRQHandler</STRONG> (Thumb, 0 bytes, Stack size 0 bytes, startup_stm32l431xx.o(.text))
<BR>[Address Reference Count : 1]<UL><LI> startup_stm32l431xx.o(RESET)
</UL>
<P><STRONG><a name="[32]"></a>I2C1_ER_IRQHandler</STRONG> (Thumb, 0 bytes, Stack size 0 bytes, startup_stm32l431xx.o(.text))
<BR>[Address Reference Count : 1]<UL><LI> startup_stm32l431xx.o(RESET)
</UL>
<P><STRONG><a name="[31]"></a>I2C1_EV_IRQHandler</STRONG> (Thumb, 0 bytes, Stack size 0 bytes, startup_stm32l431xx.o(.text))
<BR>[Address Reference Count : 1]<UL><LI> startup_stm32l431xx.o(RESET)
</UL>
<P><STRONG><a name="[34]"></a>I2C2_ER_IRQHandler</STRONG> (Thumb, 0 bytes, Stack size 0 bytes, startup_stm32l431xx.o(.text))
<BR>[Address Reference Count : 1]<UL><LI> startup_stm32l431xx.o(RESET)
</UL>
<P><STRONG><a name="[33]"></a>I2C2_EV_IRQHandler</STRONG> (Thumb, 0 bytes, Stack size 0 bytes, startup_stm32l431xx.o(.text))
<BR>[Address Reference Count : 1]<UL><LI> startup_stm32l431xx.o(RESET)
</UL>
<P><STRONG><a name="[4d]"></a>I2C3_ER_IRQHandler</STRONG> (Thumb, 0 bytes, Stack size 0 bytes, startup_stm32l431xx.o(.text))
<BR>[Address Reference Count : 1]<UL><LI> startup_stm32l431xx.o(RESET)
</UL>
<P><STRONG><a name="[4c]"></a>I2C3_EV_IRQHandler</STRONG> (Thumb, 0 bytes, Stack size 0 bytes, startup_stm32l431xx.o(.text))
<BR>[Address Reference Count : 1]<UL><LI> startup_stm32l431xx.o(RESET)
</UL>
<P><STRONG><a name="[46]"></a>LPTIM1_IRQHandler</STRONG> (Thumb, 0 bytes, Stack size 0 bytes, startup_stm32l431xx.o(.text))
<BR>[Address Reference Count : 1]<UL><LI> startup_stm32l431xx.o(RESET)
</UL>
<P><STRONG><a name="[47]"></a>LPTIM2_IRQHandler</STRONG> (Thumb, 0 bytes, Stack size 0 bytes, startup_stm32l431xx.o(.text))
<BR>[Address Reference Count : 1]<UL><LI> startup_stm32l431xx.o(RESET)
</UL>
<P><STRONG><a name="[4a]"></a>LPUART1_IRQHandler</STRONG> (Thumb, 0 bytes, Stack size 0 bytes, startup_stm32l431xx.o(.text))
<BR>[Address Reference Count : 1]<UL><LI> startup_stm32l431xx.o(RESET)
</UL>
<P><STRONG><a name="[15]"></a>PVD_PVM_IRQHandler</STRONG> (Thumb, 0 bytes, Stack size 0 bytes, startup_stm32l431xx.o(.text))
<BR>[Address Reference Count : 1]<UL><LI> startup_stm32l431xx.o(RESET)
</UL>
<P><STRONG><a name="[4b]"></a>QUADSPI_IRQHandler</STRONG> (Thumb, 0 bytes, Stack size 0 bytes, startup_stm32l431xx.o(.text))
<BR>[Address Reference Count : 1]<UL><LI> startup_stm32l431xx.o(RESET)
</UL>
<P><STRONG><a name="[51]"></a>RNG_IRQHandler</STRONG> (Thumb, 0 bytes, Stack size 0 bytes, startup_stm32l431xx.o(.text))
<BR>[Address Reference Count : 1]<UL><LI> startup_stm32l431xx.o(RESET)
</UL>
<P><STRONG><a name="[3b]"></a>RTC_Alarm_IRQHandler</STRONG> (Thumb, 0 bytes, Stack size 0 bytes, startup_stm32l431xx.o(.text))
<BR>[Address Reference Count : 1]<UL><LI> startup_stm32l431xx.o(RESET)
</UL>
<P><STRONG><a name="[17]"></a>RTC_WKUP_IRQHandler</STRONG> (Thumb, 0 bytes, Stack size 0 bytes, startup_stm32l431xx.o(.text))
<BR>[Address Reference Count : 1]<UL><LI> startup_stm32l431xx.o(RESET)
</UL>
<P><STRONG><a name="[4e]"></a>SAI1_IRQHandler</STRONG> (Thumb, 0 bytes, Stack size 0 bytes, startup_stm32l431xx.o(.text))
<BR>[Address Reference Count : 1]<UL><LI> startup_stm32l431xx.o(RESET)
</UL>
<P><STRONG><a name="[3c]"></a>SDMMC1_IRQHandler</STRONG> (Thumb, 0 bytes, Stack size 0 bytes, startup_stm32l431xx.o(.text))
<BR>[Address Reference Count : 1]<UL><LI> startup_stm32l431xx.o(RESET)
</UL>
<P><STRONG><a name="[35]"></a>SPI1_IRQHandler</STRONG> (Thumb, 0 bytes, Stack size 0 bytes, startup_stm32l431xx.o(.text))
<BR>[Address Reference Count : 1]<UL><LI> startup_stm32l431xx.o(RESET)
</UL>
<P><STRONG><a name="[36]"></a>SPI2_IRQHandler</STRONG> (Thumb, 0 bytes, Stack size 0 bytes, startup_stm32l431xx.o(.text))
<BR>[Address Reference Count : 1]<UL><LI> startup_stm32l431xx.o(RESET)
</UL>
<P><STRONG><a name="[3d]"></a>SPI3_IRQHandler</STRONG> (Thumb, 0 bytes, Stack size 0 bytes, startup_stm32l431xx.o(.text))
<BR>[Address Reference Count : 1]<UL><LI> startup_stm32l431xx.o(RESET)
</UL>
<P><STRONG><a name="[4f]"></a>SWPMI1_IRQHandler</STRONG> (Thumb, 0 bytes, Stack size 0 bytes, startup_stm32l431xx.o(.text))
<BR>[Address Reference Count : 1]<UL><LI> startup_stm32l431xx.o(RESET)
</UL>
<P><STRONG><a name="[16]"></a>TAMP_STAMP_IRQHandler</STRONG> (Thumb, 0 bytes, Stack size 0 bytes, startup_stm32l431xx.o(.text))
<BR>[Address Reference Count : 1]<UL><LI> startup_stm32l431xx.o(RESET)
</UL>
<P><STRONG><a name="[2c]"></a>TIM1_BRK_TIM15_IRQHandler</STRONG> (Thumb, 0 bytes, Stack size 0 bytes, startup_stm32l431xx.o(.text))
<BR>[Address Reference Count : 1]<UL><LI> startup_stm32l431xx.o(RESET)
</UL>
<P><STRONG><a name="[2f]"></a>TIM1_CC_IRQHandler</STRONG> (Thumb, 0 bytes, Stack size 0 bytes, startup_stm32l431xx.o(.text))
<BR>[Address Reference Count : 1]<UL><LI> startup_stm32l431xx.o(RESET)
</UL>
<P><STRONG><a name="[2e]"></a>TIM1_TRG_COM_IRQHandler</STRONG> (Thumb, 0 bytes, Stack size 0 bytes, startup_stm32l431xx.o(.text))
<BR>[Address Reference Count : 1]<UL><LI> startup_stm32l431xx.o(RESET)
</UL>
<P><STRONG><a name="[2d]"></a>TIM1_UP_TIM16_IRQHandler</STRONG> (Thumb, 0 bytes, Stack size 0 bytes, startup_stm32l431xx.o(.text))
<BR>[Address Reference Count : 1]<UL><LI> startup_stm32l431xx.o(RESET)
</UL>
<P><STRONG><a name="[30]"></a>TIM2_IRQHandler</STRONG> (Thumb, 0 bytes, Stack size 0 bytes, startup_stm32l431xx.o(.text))
<BR>[Address Reference Count : 1]<UL><LI> startup_stm32l431xx.o(RESET)
</UL>
<P><STRONG><a name="[3e]"></a>TIM6_DAC_IRQHandler</STRONG> (Thumb, 0 bytes, Stack size 0 bytes, startup_stm32l431xx.o(.text))
<BR>[Address Reference Count : 1]<UL><LI> startup_stm32l431xx.o(RESET)
</UL>
<P><STRONG><a name="[3f]"></a>TIM7_IRQHandler</STRONG> (Thumb, 0 bytes, Stack size 0 bytes, startup_stm32l431xx.o(.text))
<BR>[Address Reference Count : 1]<UL><LI> startup_stm32l431xx.o(RESET)
</UL>
<P><STRONG><a name="[50]"></a>TSC_IRQHandler</STRONG> (Thumb, 0 bytes, Stack size 0 bytes, startup_stm32l431xx.o(.text))
<BR>[Address Reference Count : 1]<UL><LI> startup_stm32l431xx.o(RESET)
</UL>
<P><STRONG><a name="[39]"></a>USART3_IRQHandler</STRONG> (Thumb, 0 bytes, Stack size 0 bytes, startup_stm32l431xx.o(.text))
<BR>[Address Reference Count : 1]<UL><LI> startup_stm32l431xx.o(RESET)
</UL>
<P><STRONG><a name="[14]"></a>WWDG_IRQHandler</STRONG> (Thumb, 0 bytes, Stack size 0 bytes, startup_stm32l431xx.o(.text))
<BR>[Address Reference Count : 1]<UL><LI> startup_stm32l431xx.o(RESET)
</UL>
<P><STRONG><a name="[e4]"></a>LOS_StartToRun</STRONG> (Thumb, 0 bytes, Stack size unknown bytes, los_dispatch_keil.o(.text))
<BR><BR>[Called By]<UL><LI><a href="#[e2]">&gt;&gt;</a>&nbsp;&nbsp;&nbsp;LOS_Start
</UL>

<P><STRONG><a name="[b7]"></a>LOS_IntLock</STRONG> (Thumb, 0 bytes, Stack size unknown bytes, los_dispatch_keil.o(.text))
<BR><BR>[Called By]<UL><LI><a href="#[bc]">&gt;&gt;</a>&nbsp;&nbsp;&nbsp;LOS_Schedule
<LI><a href="#[f0]">&gt;&gt;</a>&nbsp;&nbsp;&nbsp;LOS_TaskYield
<LI><a href="#[82]">&gt;&gt;</a>&nbsp;&nbsp;&nbsp;LOS_TaskUnlock
<LI><a href="#[93]">&gt;&gt;</a>&nbsp;&nbsp;&nbsp;LOS_TaskSuspend
<LI><a href="#[94]">&gt;&gt;</a>&nbsp;&nbsp;&nbsp;LOS_TaskResume
<LI><a href="#[80]">&gt;&gt;</a>&nbsp;&nbsp;&nbsp;LOS_TaskLock
<LI><a href="#[8a]">&gt;&gt;</a>&nbsp;&nbsp;&nbsp;LOS_TaskDelete
<LI><a href="#[7f]">&gt;&gt;</a>&nbsp;&nbsp;&nbsp;LOS_TaskDelay
<LI><a href="#[e8]">&gt;&gt;</a>&nbsp;&nbsp;&nbsp;LOS_TaskCreateOnly
<LI><a href="#[7b]">&gt;&gt;</a>&nbsp;&nbsp;&nbsp;LOS_TaskCreate
<LI><a href="#[81]">&gt;&gt;</a>&nbsp;&nbsp;&nbsp;LOS_QueueCreate
<LI><a href="#[98]">&gt;&gt;</a>&nbsp;&nbsp;&nbsp;LOS_SwtmrStop
<LI><a href="#[97]">&gt;&gt;</a>&nbsp;&nbsp;&nbsp;LOS_SwtmrStart
<LI><a href="#[99]">&gt;&gt;</a>&nbsp;&nbsp;&nbsp;LOS_SwtmrDelete
<LI><a href="#[96]">&gt;&gt;</a>&nbsp;&nbsp;&nbsp;LOS_SwtmrCreate
<LI><a href="#[8f]">&gt;&gt;</a>&nbsp;&nbsp;&nbsp;LOS_MemboxInit
<LI><a href="#[ce]">&gt;&gt;</a>&nbsp;&nbsp;&nbsp;osSlabMemFree
<LI><a href="#[ca]">&gt;&gt;</a>&nbsp;&nbsp;&nbsp;osSlabMemAlloc
<LI><a href="#[74]">&gt;&gt;</a>&nbsp;&nbsp;&nbsp;LOS_MemInit
<LI><a href="#[cf]">&gt;&gt;</a>&nbsp;&nbsp;&nbsp;osHeapFree
<LI><a href="#[cb]">&gt;&gt;</a>&nbsp;&nbsp;&nbsp;osHeapAlloc
<LI><a href="#[e0]">&gt;&gt;</a>&nbsp;&nbsp;&nbsp;osSemCreate
<LI><a href="#[88]">&gt;&gt;</a>&nbsp;&nbsp;&nbsp;LOS_SemPost
<LI><a href="#[87]">&gt;&gt;</a>&nbsp;&nbsp;&nbsp;LOS_SemPend
<LI><a href="#[8b]">&gt;&gt;</a>&nbsp;&nbsp;&nbsp;LOS_SemDelete
<LI><a href="#[92]">&gt;&gt;</a>&nbsp;&nbsp;&nbsp;LOS_MemboxFree
<LI><a href="#[90]">&gt;&gt;</a>&nbsp;&nbsp;&nbsp;LOS_MemboxAlloc
<LI><a href="#[d9]">&gt;&gt;</a>&nbsp;&nbsp;&nbsp;osQueueOperate
<LI><a href="#[d5]">&gt;&gt;</a>&nbsp;&nbsp;&nbsp;LOS_QueueDelete
<LI><a href="#[86]">&gt;&gt;</a>&nbsp;&nbsp;&nbsp;LOS_MuxPost
<LI><a href="#[85]">&gt;&gt;</a>&nbsp;&nbsp;&nbsp;LOS_MuxPend
<LI><a href="#[84]">&gt;&gt;</a>&nbsp;&nbsp;&nbsp;LOS_MuxDelete
<LI><a href="#[83]">&gt;&gt;</a>&nbsp;&nbsp;&nbsp;LOS_MuxCreate
<LI><a href="#[8d]">&gt;&gt;</a>&nbsp;&nbsp;&nbsp;LOS_EventWrite
<LI><a href="#[7c]">&gt;&gt;</a>&nbsp;&nbsp;&nbsp;LOS_EventRead
<LI><a href="#[b9]">&gt;&gt;</a>&nbsp;&nbsp;&nbsp;LOS_EventPoll
<LI><a href="#[8e]">&gt;&gt;</a>&nbsp;&nbsp;&nbsp;LOS_EventClear
</UL>

<P><STRONG><a name="[11c]"></a>LOS_IntUnLock</STRONG> (Thumb, 0 bytes, Stack size unknown bytes, los_dispatch_keil.o(.text), UNUSED)

<P><STRONG><a name="[b8]"></a>LOS_IntRestore</STRONG> (Thumb, 0 bytes, Stack size unknown bytes, los_dispatch_keil.o(.text))
<BR><BR>[Called By]<UL><LI><a href="#[bc]">&gt;&gt;</a>&nbsp;&nbsp;&nbsp;LOS_Schedule
<LI><a href="#[f0]">&gt;&gt;</a>&nbsp;&nbsp;&nbsp;LOS_TaskYield
<LI><a href="#[82]">&gt;&gt;</a>&nbsp;&nbsp;&nbsp;LOS_TaskUnlock
<LI><a href="#[93]">&gt;&gt;</a>&nbsp;&nbsp;&nbsp;LOS_TaskSuspend
<LI><a href="#[94]">&gt;&gt;</a>&nbsp;&nbsp;&nbsp;LOS_TaskResume
<LI><a href="#[80]">&gt;&gt;</a>&nbsp;&nbsp;&nbsp;LOS_TaskLock
<LI><a href="#[8a]">&gt;&gt;</a>&nbsp;&nbsp;&nbsp;LOS_TaskDelete
<LI><a href="#[7f]">&gt;&gt;</a>&nbsp;&nbsp;&nbsp;LOS_TaskDelay
<LI><a href="#[e8]">&gt;&gt;</a>&nbsp;&nbsp;&nbsp;LOS_TaskCreateOnly
<LI><a href="#[7b]">&gt;&gt;</a>&nbsp;&nbsp;&nbsp;LOS_TaskCreate
<LI><a href="#[81]">&gt;&gt;</a>&nbsp;&nbsp;&nbsp;LOS_QueueCreate
<LI><a href="#[98]">&gt;&gt;</a>&nbsp;&nbsp;&nbsp;LOS_SwtmrStop
<LI><a href="#[97]">&gt;&gt;</a>&nbsp;&nbsp;&nbsp;LOS_SwtmrStart
<LI><a href="#[99]">&gt;&gt;</a>&nbsp;&nbsp;&nbsp;LOS_SwtmrDelete
<LI><a href="#[96]">&gt;&gt;</a>&nbsp;&nbsp;&nbsp;LOS_SwtmrCreate
<LI><a href="#[8f]">&gt;&gt;</a>&nbsp;&nbsp;&nbsp;LOS_MemboxInit
<LI><a href="#[ce]">&gt;&gt;</a>&nbsp;&nbsp;&nbsp;osSlabMemFree
<LI><a href="#[ca]">&gt;&gt;</a>&nbsp;&nbsp;&nbsp;osSlabMemAlloc
<LI><a href="#[74]">&gt;&gt;</a>&nbsp;&nbsp;&nbsp;LOS_MemInit
<LI><a href="#[cf]">&gt;&gt;</a>&nbsp;&nbsp;&nbsp;osHeapFree
<LI><a href="#[cb]">&gt;&gt;</a>&nbsp;&nbsp;&nbsp;osHeapAlloc
<LI><a href="#[e0]">&gt;&gt;</a>&nbsp;&nbsp;&nbsp;osSemCreate
<LI><a href="#[88]">&gt;&gt;</a>&nbsp;&nbsp;&nbsp;LOS_SemPost
<LI><a href="#[87]">&gt;&gt;</a>&nbsp;&nbsp;&nbsp;LOS_SemPend
<LI><a href="#[8b]">&gt;&gt;</a>&nbsp;&nbsp;&nbsp;LOS_SemDelete
<LI><a href="#[92]">&gt;&gt;</a>&nbsp;&nbsp;&nbsp;LOS_MemboxFree
<LI><a href="#[90]">&gt;&gt;</a>&nbsp;&nbsp;&nbsp;LOS_MemboxAlloc
<LI><a href="#[d9]">&gt;&gt;</a>&nbsp;&nbsp;&nbsp;osQueueOperate
<LI><a href="#[d5]">&gt;&gt;</a>&nbsp;&nbsp;&nbsp;LOS_QueueDelete
<LI><a href="#[86]">&gt;&gt;</a>&nbsp;&nbsp;&nbsp;LOS_MuxPost
<LI><a href="#[85]">&gt;&gt;</a>&nbsp;&nbsp;&nbsp;LOS_MuxPend
<LI><a href="#[84]">&gt;&gt;</a>&nbsp;&nbsp;&nbsp;LOS_MuxDelete
<LI><a href="#[83]">&gt;&gt;</a>&nbsp;&nbsp;&nbsp;LOS_MuxCreate
<LI><a href="#[8d]">&gt;&gt;</a>&nbsp;&nbsp;&nbsp;LOS_EventWrite
<LI><a href="#[7c]">&gt;&gt;</a>&nbsp;&nbsp;&nbsp;LOS_EventRead
<LI><a href="#[b9]">&gt;&gt;</a>&nbsp;&nbsp;&nbsp;LOS_EventPoll
<LI><a href="#[8e]">&gt;&gt;</a>&nbsp;&nbsp;&nbsp;LOS_EventClear
</UL>

<P><STRONG><a name="[df]"></a>osTaskSchedule</STRONG> (Thumb, 0 bytes, Stack size unknown bytes, los_dispatch_keil.o(.text))
<BR><BR>[Called By]<UL><LI><a href="#[ea]">&gt;&gt;</a>&nbsp;&nbsp;&nbsp;osSchedule
<LI><a href="#[bc]">&gt;&gt;</a>&nbsp;&nbsp;&nbsp;LOS_Schedule
</UL>

<P><STRONG><a name="[12]"></a>PendSV_Handler</STRONG> (Thumb, 0 bytes, Stack size unknown bytes, los_dispatch_keil.o(.text))
<BR>[Address Reference Count : 1]<UL><LI> startup_stm32l431xx.o(RESET)
</UL>
<P><STRONG><a name="[6d]"></a>__aeabi_uldivmod</STRONG> (Thumb, 98 bytes, Stack size 40 bytes, uldiv.o(.text))
<BR><BR>[Stack]<UL><LI>Max Depth = 40<LI>Call Chain = __aeabi_uldivmod
</UL>
<BR>[Calls]<UL><LI><a href="#[6e]">&gt;&gt;</a>&nbsp;&nbsp;&nbsp;__aeabi_llsr
<LI><a href="#[6f]">&gt;&gt;</a>&nbsp;&nbsp;&nbsp;__aeabi_llsl
</UL>
<BR>[Called By]<UL><LI><a href="#[b1]">&gt;&gt;</a>&nbsp;&nbsp;&nbsp;UART_SetConfig
<LI><a href="#[ff]">&gt;&gt;</a>&nbsp;&nbsp;&nbsp;_printf_core
</UL>

<P><STRONG><a name="[108]"></a>__aeabi_memcpy</STRONG> (Thumb, 36 bytes, Stack size 0 bytes, memcpya.o(.text))
<BR><BR>[Called By]<UL><LI><a href="#[68]">&gt;&gt;</a>&nbsp;&nbsp;&nbsp;osTaskSwitchCheck
<LI><a href="#[107]">&gt;&gt;</a>&nbsp;&nbsp;&nbsp;osQueueBufferOperate
</UL>

<P><STRONG><a name="[11d]"></a>__aeabi_memcpy4</STRONG> (Thumb, 0 bytes, Stack size 0 bytes, memcpya.o(.text), UNUSED)

<P><STRONG><a name="[11e]"></a>__aeabi_memcpy8</STRONG> (Thumb, 0 bytes, Stack size 0 bytes, memcpya.o(.text), UNUSED)

<P><STRONG><a name="[71]"></a>__aeabi_memset</STRONG> (Thumb, 14 bytes, Stack size 0 bytes, memseta.o(.text))
<BR><BR>[Called By]<UL><LI><a href="#[ed]">&gt;&gt;</a>&nbsp;&nbsp;&nbsp;osTskStackInit
<LI><a href="#[72]">&gt;&gt;</a>&nbsp;&nbsp;&nbsp;_memset$wrapper
<LI><a href="#[70]">&gt;&gt;</a>&nbsp;&nbsp;&nbsp;__aeabi_memclr
</UL>

<P><STRONG><a name="[11f]"></a>__aeabi_memset4</STRONG> (Thumb, 0 bytes, Stack size 0 bytes, memseta.o(.text), UNUSED)

<P><STRONG><a name="[120]"></a>__aeabi_memset8</STRONG> (Thumb, 0 bytes, Stack size 0 bytes, memseta.o(.text), UNUSED)

<P><STRONG><a name="[70]"></a>__aeabi_memclr</STRONG> (Thumb, 4 bytes, Stack size 0 bytes, memseta.o(.text))
<BR><BR>[Calls]<UL><LI><a href="#[71]">&gt;&gt;</a>&nbsp;&nbsp;&nbsp;__aeabi_memset
</UL>
<BR>[Called By]<UL><LI><a href="#[c1]">&gt;&gt;</a>&nbsp;&nbsp;&nbsp;osTaskMonInit
<LI><a href="#[91]">&gt;&gt;</a>&nbsp;&nbsp;&nbsp;LOS_MemboxClr
<LI><a href="#[d0]">&gt;&gt;</a>&nbsp;&nbsp;&nbsp;osHeapInit
</UL>

<P><STRONG><a name="[7a]"></a>__aeabi_memclr4</STRONG> (Thumb, 0 bytes, Stack size 0 bytes, memseta.o(.text))
<BR><BR>[Called By]<UL><LI><a href="#[b0]">&gt;&gt;</a>&nbsp;&nbsp;&nbsp;HAL_UART_MspInit
<LI><a href="#[f3]">&gt;&gt;</a>&nbsp;&nbsp;&nbsp;MX_GPIO_Init
<LI><a href="#[79]">&gt;&gt;</a>&nbsp;&nbsp;&nbsp;Example_Entry
<LI><a href="#[fa]">&gt;&gt;</a>&nbsp;&nbsp;&nbsp;SystemClock_Config
<LI><a href="#[c0]">&gt;&gt;</a>&nbsp;&nbsp;&nbsp;osTaskInit
<LI><a href="#[c5]">&gt;&gt;</a>&nbsp;&nbsp;&nbsp;osSwTmrInit
<LI><a href="#[c4]">&gt;&gt;</a>&nbsp;&nbsp;&nbsp;osQueueInit
<LI><a href="#[c7]">&gt;&gt;</a>&nbsp;&nbsp;&nbsp;osIdleTaskCreate
<LI><a href="#[111]">&gt;&gt;</a>&nbsp;&nbsp;&nbsp;osSwTmrTaskCreate
<LI><a href="#[104]">&gt;&gt;</a>&nbsp;&nbsp;&nbsp;osAtomicBitsetInit
<LI><a href="#[102]">&gt;&gt;</a>&nbsp;&nbsp;&nbsp;osAlarmHeapInfo
<LI><a href="#[3]">&gt;&gt;</a>&nbsp;&nbsp;&nbsp;Example_Semphore
<LI><a href="#[4]">&gt;&gt;</a>&nbsp;&nbsp;&nbsp;Example_MutexLock
<LI><a href="#[1]">&gt;&gt;</a>&nbsp;&nbsp;&nbsp;Example_SndRcvEvent
</UL>

<P><STRONG><a name="[121]"></a>__aeabi_memclr8</STRONG> (Thumb, 0 bytes, Stack size 0 bytes, memseta.o(.text), UNUSED)

<P><STRONG><a name="[72]"></a>_memset$wrapper</STRONG> (Thumb, 18 bytes, Stack size 8 bytes, memseta.o(.text), UNUSED)
<BR><BR>[Calls]<UL><LI><a href="#[71]">&gt;&gt;</a>&nbsp;&nbsp;&nbsp;__aeabi_memset
</UL>

<P><STRONG><a name="[6f]"></a>__aeabi_llsl</STRONG> (Thumb, 30 bytes, Stack size 0 bytes, llshl.o(.text))
<BR><BR>[Called By]<UL><LI><a href="#[6d]">&gt;&gt;</a>&nbsp;&nbsp;&nbsp;__aeabi_uldivmod
</UL>

<P><STRONG><a name="[122]"></a>_ll_shift_l</STRONG> (Thumb, 0 bytes, Stack size 0 bytes, llshl.o(.text), UNUSED)

<P><STRONG><a name="[6e]"></a>__aeabi_llsr</STRONG> (Thumb, 32 bytes, Stack size 0 bytes, llushr.o(.text))
<BR><BR>[Called By]<UL><LI><a href="#[6d]">&gt;&gt;</a>&nbsp;&nbsp;&nbsp;__aeabi_uldivmod
</UL>

<P><STRONG><a name="[123]"></a>_ll_ushift_r</STRONG> (Thumb, 0 bytes, Stack size 0 bytes, llushr.o(.text), UNUSED)

<P><STRONG><a name="[6c]"></a>__scatterload</STRONG> (Thumb, 28 bytes, Stack size 0 bytes, init.o(.text))
<BR><BR>[Calls]<UL><LI><a href="#[73]">&gt;&gt;</a>&nbsp;&nbsp;&nbsp;__main_after_scatterload
</UL>
<BR>[Called By]<UL><LI><a href="#[6b]">&gt;&gt;</a>&nbsp;&nbsp;&nbsp;_main_scatterload
</UL>

<P><STRONG><a name="[124]"></a>__scatterload_rt2</STRONG> (Thumb, 0 bytes, Stack size 0 bytes, init.o(.text), UNUSED)

<P><STRONG><a name="[125]"></a>__decompress</STRONG> (Thumb, 0 bytes, Stack size unknown bytes, __dczerorl2.o(.text), UNUSED)

<P><STRONG><a name="[126]"></a>__decompress1</STRONG> (Thumb, 86 bytes, Stack size unknown bytes, __dczerorl2.o(.text), UNUSED)

<P><STRONG><a name="[e]"></a>BusFault_Handler</STRONG> (Thumb, 2 bytes, Stack size 0 bytes, stm32l4xx_it.o(i.BusFault_Handler))
<BR><BR>[Calls]<UL><LI><a href="#[e]">&gt;&gt;</a>&nbsp;&nbsp;&nbsp;BusFault_Handler
</UL>
<BR>[Called By]<UL><LI><a href="#[e]">&gt;&gt;</a>&nbsp;&nbsp;&nbsp;BusFault_Handler
</UL>
<BR>[Address Reference Count : 1]<UL><LI> startup_stm32l431xx.o(RESET)
</UL>
<P><STRONG><a name="[11]"></a>DebugMon_Handler</STRONG> (Thumb, 2 bytes, Stack size 0 bytes, stm32l4xx_it.o(i.DebugMon_Handler))
<BR>[Address Reference Count : 1]<UL><LI> startup_stm32l431xx.o(RESET)
</UL>
<P><STRONG><a name="[f6]"></a>Error_Handler</STRONG> (Thumb, 2 bytes, Stack size 0 bytes, main.o(i.Error_Handler))
<BR><BR>[Called By]<UL><LI><a href="#[f7]">&gt;&gt;</a>&nbsp;&nbsp;&nbsp;MX_USART2_UART_Init
<LI><a href="#[f5]">&gt;&gt;</a>&nbsp;&nbsp;&nbsp;MX_USART1_UART_Init
</UL>

<P><STRONG><a name="[9]"></a>Example_Dyn_Mem</STRONG> (Thumb, 120 bytes, Stack size 8 bytes, los_api_dynamic_mem.o(i.Example_Dyn_Mem))
<BR><BR>[Stack]<UL><LI>Max Depth = 180 + Unknown Stack Size
<LI>Call Chain = Example_Dyn_Mem &rArr; LOS_MemInit &rArr; osSlabMemInit &rArr; osSlabAllocatorNew &rArr; osHeapAlloc &rArr; osAlarmHeapInfo &rArr; osHeapStatisticsGet
</UL>
<BR>[Calls]<UL><LI><a href="#[77]">&gt;&gt;</a>&nbsp;&nbsp;&nbsp;LOS_MemFree
<LI><a href="#[76]">&gt;&gt;</a>&nbsp;&nbsp;&nbsp;LOS_MemAlloc
<LI><a href="#[74]">&gt;&gt;</a>&nbsp;&nbsp;&nbsp;LOS_MemInit
<LI><a href="#[78]">&gt;&gt;</a>&nbsp;&nbsp;&nbsp;LOS_InspectStatusSetByID
<LI><a href="#[75]">&gt;&gt;</a>&nbsp;&nbsp;&nbsp;__2printf
</UL>
<BR>[Address Reference Count : 1]<UL><LI> los_inspect_entry.o(.data)
</UL>
<P><STRONG><a name="[79]"></a>Example_Entry</STRONG> (Thumb, 110 bytes, Stack size 32 bytes, ex_task.o(i.Example_Entry))
<BR><BR>[Stack]<UL><LI>Max Depth = 164 + Unknown Stack Size
<LI>Call Chain = Example_Entry &rArr; LOS_TaskCreate &rArr; LOS_TaskCreateOnly &rArr; LOS_MemAllocAlign &rArr; osHeapAllocAlign &rArr; osHeapAlloc &rArr; osAlarmHeapInfo &rArr; osHeapStatisticsGet
</UL>
<BR>[Calls]<UL><LI><a href="#[7b]">&gt;&gt;</a>&nbsp;&nbsp;&nbsp;LOS_TaskCreate
<LI><a href="#[7a]">&gt;&gt;</a>&nbsp;&nbsp;&nbsp;__aeabi_memclr4
<LI><a href="#[75]">&gt;&gt;</a>&nbsp;&nbsp;&nbsp;__2printf
</UL>
<BR>[Called By]<UL><LI><a href="#[54]">&gt;&gt;</a>&nbsp;&nbsp;&nbsp;main
</UL>

<P><STRONG><a name="[5f]"></a>Example_Event</STRONG> (Thumb, 68 bytes, Stack size 8 bytes, los_api_event.o(i.Example_Event))
<BR><BR>[Stack]<UL><LI>Max Depth = 80 + Unknown Stack Size
<LI>Call Chain = Example_Event &rArr; LOS_EventRead &rArr; osTaskWait &rArr; osTaskAdd2TimerList
</UL>
<BR>[Calls]<UL><LI><a href="#[7c]">&gt;&gt;</a>&nbsp;&nbsp;&nbsp;LOS_EventRead
<LI><a href="#[78]">&gt;&gt;</a>&nbsp;&nbsp;&nbsp;LOS_InspectStatusSetByID
<LI><a href="#[75]">&gt;&gt;</a>&nbsp;&nbsp;&nbsp;__2printf
</UL>
<BR>[Address Reference Count : 1]<UL><LI> los_api_event.o(i.Example_SndRcvEvent)
</UL>
<P><STRONG><a name="[5]"></a>Example_GetTick</STRONG> (Thumb, 120 bytes, Stack size 24 bytes, los_api_systick.o(i.Example_GetTick))
<BR><BR>[Stack]<UL><LI>Max Depth = 64 + Unknown Stack Size
<LI>Call Chain = Example_GetTick &rArr; LOS_TaskDelay &rArr; LOS_TaskYield &rArr; LOS_Schedule
</UL>
<BR>[Calls]<UL><LI><a href="#[7f]">&gt;&gt;</a>&nbsp;&nbsp;&nbsp;LOS_TaskDelay
<LI><a href="#[7d]">&gt;&gt;</a>&nbsp;&nbsp;&nbsp;LOS_CyclePerTickGet
<LI><a href="#[7e]">&gt;&gt;</a>&nbsp;&nbsp;&nbsp;LOS_TickCountGet
<LI><a href="#[78]">&gt;&gt;</a>&nbsp;&nbsp;&nbsp;LOS_InspectStatusSetByID
<LI><a href="#[75]">&gt;&gt;</a>&nbsp;&nbsp;&nbsp;__2printf
</UL>
<BR>[Address Reference Count : 1]<UL><LI> los_inspect_entry.o(.data)
</UL>
<P><STRONG><a name="[2]"></a>Example_MsgQueue</STRONG> (Thumb, 116 bytes, Stack size 48 bytes, los_api_msgqueue.o(i.Example_MsgQueue))
<BR><BR>[Stack]<UL><LI>Max Depth = 180 + Unknown Stack Size
<LI>Call Chain = Example_MsgQueue &rArr; LOS_TaskCreate &rArr; LOS_TaskCreateOnly &rArr; LOS_MemAllocAlign &rArr; osHeapAllocAlign &rArr; osHeapAlloc &rArr; osAlarmHeapInfo &rArr; osHeapStatisticsGet
</UL>
<BR>[Calls]<UL><LI><a href="#[82]">&gt;&gt;</a>&nbsp;&nbsp;&nbsp;LOS_TaskUnlock
<LI><a href="#[80]">&gt;&gt;</a>&nbsp;&nbsp;&nbsp;LOS_TaskLock
<LI><a href="#[7b]">&gt;&gt;</a>&nbsp;&nbsp;&nbsp;LOS_TaskCreate
<LI><a href="#[81]">&gt;&gt;</a>&nbsp;&nbsp;&nbsp;LOS_QueueCreate
<LI><a href="#[75]">&gt;&gt;</a>&nbsp;&nbsp;&nbsp;__2printf
</UL>
<BR>[Address Reference Count : 1]<UL><LI> los_inspect_entry.o(.data)
</UL>
<P><STRONG><a name="[4]"></a>Example_MutexLock</STRONG> (Thumb, 130 bytes, Stack size 56 bytes, los_api_mutex.o(i.Example_MutexLock))
<BR><BR>[Stack]<UL><LI>Max Depth = 188 + Unknown Stack Size
<LI>Call Chain = Example_MutexLock &rArr; LOS_TaskCreate &rArr; LOS_TaskCreateOnly &rArr; LOS_MemAllocAlign &rArr; osHeapAllocAlign &rArr; osHeapAlloc &rArr; osAlarmHeapInfo &rArr; osHeapStatisticsGet
</UL>
<BR>[Calls]<UL><LI><a href="#[82]">&gt;&gt;</a>&nbsp;&nbsp;&nbsp;LOS_TaskUnlock
<LI><a href="#[80]">&gt;&gt;</a>&nbsp;&nbsp;&nbsp;LOS_TaskLock
<LI><a href="#[7f]">&gt;&gt;</a>&nbsp;&nbsp;&nbsp;LOS_TaskDelay
<LI><a href="#[7b]">&gt;&gt;</a>&nbsp;&nbsp;&nbsp;LOS_TaskCreate
<LI><a href="#[84]">&gt;&gt;</a>&nbsp;&nbsp;&nbsp;LOS_MuxDelete
<LI><a href="#[83]">&gt;&gt;</a>&nbsp;&nbsp;&nbsp;LOS_MuxCreate
<LI><a href="#[7a]">&gt;&gt;</a>&nbsp;&nbsp;&nbsp;__aeabi_memclr4
<LI><a href="#[75]">&gt;&gt;</a>&nbsp;&nbsp;&nbsp;__2printf
</UL>
<BR>[Address Reference Count : 1]<UL><LI> los_inspect_entry.o(.data)
</UL>
<P><STRONG><a name="[3]"></a>Example_Semphore</STRONG> (Thumb, 154 bytes, Stack size 64 bytes, los_api_sem.o(i.Example_Semphore))
<BR><BR>[Stack]<UL><LI>Max Depth = 196 + Unknown Stack Size
<LI>Call Chain = Example_Semphore &rArr; LOS_TaskCreate &rArr; LOS_TaskCreateOnly &rArr; LOS_MemAllocAlign &rArr; osHeapAllocAlign &rArr; osHeapAlloc &rArr; osAlarmHeapInfo &rArr; osHeapStatisticsGet
</UL>
<BR>[Calls]<UL><LI><a href="#[82]">&gt;&gt;</a>&nbsp;&nbsp;&nbsp;LOS_TaskUnlock
<LI><a href="#[80]">&gt;&gt;</a>&nbsp;&nbsp;&nbsp;LOS_TaskLock
<LI><a href="#[8a]">&gt;&gt;</a>&nbsp;&nbsp;&nbsp;LOS_TaskDelete
<LI><a href="#[7f]">&gt;&gt;</a>&nbsp;&nbsp;&nbsp;LOS_TaskDelay
<LI><a href="#[7b]">&gt;&gt;</a>&nbsp;&nbsp;&nbsp;LOS_TaskCreate
<LI><a href="#[88]">&gt;&gt;</a>&nbsp;&nbsp;&nbsp;LOS_SemPost
<LI><a href="#[8b]">&gt;&gt;</a>&nbsp;&nbsp;&nbsp;LOS_SemDelete
<LI><a href="#[89]">&gt;&gt;</a>&nbsp;&nbsp;&nbsp;LOS_SemCreate
<LI><a href="#[7a]">&gt;&gt;</a>&nbsp;&nbsp;&nbsp;__aeabi_memclr4
<LI><a href="#[75]">&gt;&gt;</a>&nbsp;&nbsp;&nbsp;__2printf
</UL>
<BR>[Address Reference Count : 1]<UL><LI> los_inspect_entry.o(.data)
</UL>
<P><STRONG><a name="[1]"></a>Example_SndRcvEvent</STRONG> (Thumb, 118 bytes, Stack size 32 bytes, los_api_event.o(i.Example_SndRcvEvent))
<BR><BR>[Stack]<UL><LI>Max Depth = 164 + Unknown Stack Size
<LI>Call Chain = Example_SndRcvEvent &rArr; LOS_TaskCreate &rArr; LOS_TaskCreateOnly &rArr; LOS_MemAllocAlign &rArr; osHeapAllocAlign &rArr; osHeapAlloc &rArr; osAlarmHeapInfo &rArr; osHeapStatisticsGet
</UL>
<BR>[Calls]<UL><LI><a href="#[7b]">&gt;&gt;</a>&nbsp;&nbsp;&nbsp;LOS_TaskCreate
<LI><a href="#[8d]">&gt;&gt;</a>&nbsp;&nbsp;&nbsp;LOS_EventWrite
<LI><a href="#[8c]">&gt;&gt;</a>&nbsp;&nbsp;&nbsp;LOS_EventInit
<LI><a href="#[8e]">&gt;&gt;</a>&nbsp;&nbsp;&nbsp;LOS_EventClear
<LI><a href="#[7a]">&gt;&gt;</a>&nbsp;&nbsp;&nbsp;__aeabi_memclr4
<LI><a href="#[75]">&gt;&gt;</a>&nbsp;&nbsp;&nbsp;__2printf
</UL>
<BR>[Address Reference Count : 1]<UL><LI> los_inspect_entry.o(.data)
</UL>
<P><STRONG><a name="[8]"></a>Example_StaticMem</STRONG> (Thumb, 124 bytes, Stack size 8 bytes, los_api_static_mem.o(i.Example_StaticMem))
<BR><BR>[Stack]<UL><LI>Max Depth = 40 + Unknown Stack Size
<LI>Call Chain = Example_StaticMem &rArr; LOS_InspectStatusSetByID &rArr; __2printf
</UL>
<BR>[Calls]<UL><LI><a href="#[8f]">&gt;&gt;</a>&nbsp;&nbsp;&nbsp;LOS_MemboxInit
<LI><a href="#[91]">&gt;&gt;</a>&nbsp;&nbsp;&nbsp;LOS_MemboxClr
<LI><a href="#[92]">&gt;&gt;</a>&nbsp;&nbsp;&nbsp;LOS_MemboxFree
<LI><a href="#[90]">&gt;&gt;</a>&nbsp;&nbsp;&nbsp;LOS_MemboxAlloc
<LI><a href="#[78]">&gt;&gt;</a>&nbsp;&nbsp;&nbsp;LOS_InspectStatusSetByID
<LI><a href="#[75]">&gt;&gt;</a>&nbsp;&nbsp;&nbsp;__2printf
</UL>
<BR>[Address Reference Count : 1]<UL><LI> los_inspect_entry.o(.data)
</UL>
<P><STRONG><a name="[0]"></a>Example_TskCaseEntry</STRONG> (Thumb, 134 bytes, Stack size 32 bytes, los_api_task.o(i.Example_TskCaseEntry))
<BR><BR>[Stack]<UL><LI>Max Depth = 164 + Unknown Stack Size
<LI>Call Chain = Example_TskCaseEntry &rArr; LOS_TaskCreate &rArr; LOS_TaskCreateOnly &rArr; LOS_MemAllocAlign &rArr; osHeapAllocAlign &rArr; osHeapAlloc &rArr; osAlarmHeapInfo &rArr; osHeapStatisticsGet
</UL>
<BR>[Calls]<UL><LI><a href="#[82]">&gt;&gt;</a>&nbsp;&nbsp;&nbsp;LOS_TaskUnlock
<LI><a href="#[80]">&gt;&gt;</a>&nbsp;&nbsp;&nbsp;LOS_TaskLock
<LI><a href="#[8a]">&gt;&gt;</a>&nbsp;&nbsp;&nbsp;LOS_TaskDelete
<LI><a href="#[7b]">&gt;&gt;</a>&nbsp;&nbsp;&nbsp;LOS_TaskCreate
<LI><a href="#[75]">&gt;&gt;</a>&nbsp;&nbsp;&nbsp;__2printf
</UL>
<BR>[Address Reference Count : 1]<UL><LI> los_inspect_entry.o(.data)
</UL>
<P><STRONG><a name="[7]"></a>Example_list</STRONG> (Thumb, 258 bytes, Stack size 24 bytes, los_api_list.o(i.Example_list))
<BR><BR>[Stack]<UL><LI>Max Depth = 108 + Unknown Stack Size
<LI>Call Chain = Example_list &rArr; LOS_MemAlloc &rArr; osHeapAlloc &rArr; osAlarmHeapInfo &rArr; osHeapStatisticsGet
</UL>
<BR>[Calls]<UL><LI><a href="#[77]">&gt;&gt;</a>&nbsp;&nbsp;&nbsp;LOS_MemFree
<LI><a href="#[76]">&gt;&gt;</a>&nbsp;&nbsp;&nbsp;LOS_MemAlloc
<LI><a href="#[95]">&gt;&gt;</a>&nbsp;&nbsp;&nbsp;LOS_ListAdd
<LI><a href="#[78]">&gt;&gt;</a>&nbsp;&nbsp;&nbsp;LOS_InspectStatusSetByID
<LI><a href="#[75]">&gt;&gt;</a>&nbsp;&nbsp;&nbsp;__2printf
</UL>
<BR>[Address Reference Count : 1]<UL><LI> los_inspect_entry.o(.data)
</UL>
<P><STRONG><a name="[6]"></a>Example_swTimer</STRONG> (Thumb, 224 bytes, Stack size 40 bytes, los_api_timer.o(i.Example_swTimer))
<BR><BR>[Stack]<UL><LI>Max Depth = 108 + Unknown Stack Size
<LI>Call Chain = Example_swTimer &rArr; LOS_SwtmrStart &rArr; osSwTmrStart
</UL>
<BR>[Calls]<UL><LI><a href="#[7f]">&gt;&gt;</a>&nbsp;&nbsp;&nbsp;LOS_TaskDelay
<LI><a href="#[98]">&gt;&gt;</a>&nbsp;&nbsp;&nbsp;LOS_SwtmrStop
<LI><a href="#[97]">&gt;&gt;</a>&nbsp;&nbsp;&nbsp;LOS_SwtmrStart
<LI><a href="#[99]">&gt;&gt;</a>&nbsp;&nbsp;&nbsp;LOS_SwtmrDelete
<LI><a href="#[96]">&gt;&gt;</a>&nbsp;&nbsp;&nbsp;LOS_SwtmrCreate
<LI><a href="#[75]">&gt;&gt;</a>&nbsp;&nbsp;&nbsp;__2printf
</UL>
<BR>[Address Reference Count : 1]<UL><LI> los_inspect_entry.o(.data)
</UL>
<P><STRONG><a name="[ab]"></a>HAL_DMA_Abort_IT</STRONG> (Thumb, 78 bytes, Stack size 8 bytes, stm32l4xx_hal_dma.o(i.HAL_DMA_Abort_IT))
<BR><BR>[Stack]<UL><LI>Max Depth = 8<LI>Call Chain = HAL_DMA_Abort_IT
</UL>
<BR>[Called By]<UL><LI><a href="#[a9]">&gt;&gt;</a>&nbsp;&nbsp;&nbsp;HAL_UART_IRQHandler
</UL>

<P><STRONG><a name="[b4]"></a>HAL_GPIO_Init</STRONG> (Thumb, 364 bytes, Stack size 40 bytes, stm32l4xx_hal_gpio.o(i.HAL_GPIO_Init))
<BR><BR>[Stack]<UL><LI>Max Depth = 40<LI>Call Chain = HAL_GPIO_Init
</UL>
<BR>[Called By]<UL><LI><a href="#[b0]">&gt;&gt;</a>&nbsp;&nbsp;&nbsp;HAL_UART_MspInit
<LI><a href="#[f3]">&gt;&gt;</a>&nbsp;&nbsp;&nbsp;MX_GPIO_Init
</UL>

<P><STRONG><a name="[f4]"></a>HAL_GPIO_WritePin</STRONG> (Thumb, 10 bytes, Stack size 0 bytes, stm32l4xx_hal_gpio.o(i.HAL_GPIO_WritePin))
<BR><BR>[Called By]<UL><LI><a href="#[f3]">&gt;&gt;</a>&nbsp;&nbsp;&nbsp;MX_GPIO_Init
</UL>

<P><STRONG><a name="[a4]"></a>HAL_GetTick</STRONG> (Thumb, 6 bytes, Stack size 0 bytes, stm32l4xx_hal.o(i.HAL_GetTick))
<BR><BR>[Called By]<UL><LI><a href="#[b5]">&gt;&gt;</a>&nbsp;&nbsp;&nbsp;HAL_UART_Transmit
<LI><a href="#[a7]">&gt;&gt;</a>&nbsp;&nbsp;&nbsp;HAL_RCC_OscConfig
<LI><a href="#[a5]">&gt;&gt;</a>&nbsp;&nbsp;&nbsp;HAL_RCC_ClockConfig
<LI><a href="#[a2]">&gt;&gt;</a>&nbsp;&nbsp;&nbsp;HAL_RCCEx_PeriphCLKConfig
<LI><a href="#[b6]">&gt;&gt;</a>&nbsp;&nbsp;&nbsp;UART_WaitOnFlagUntilTimeout
<LI><a href="#[b3]">&gt;&gt;</a>&nbsp;&nbsp;&nbsp;UART_CheckIdleState
<LI><a href="#[a3]">&gt;&gt;</a>&nbsp;&nbsp;&nbsp;RCCEx_PLLSAI1_Config
</UL>

<P><STRONG><a name="[9a]"></a>HAL_Init</STRONG> (Thumb, 30 bytes, Stack size 8 bytes, stm32l4xx_hal.o(i.HAL_Init))
<BR><BR>[Stack]<UL><LI>Max Depth = 40<LI>Call Chain = HAL_Init &rArr; HAL_InitTick &rArr; HAL_NVIC_SetPriority
</UL>
<BR>[Calls]<UL><LI><a href="#[9d]">&gt;&gt;</a>&nbsp;&nbsp;&nbsp;HAL_MspInit
<LI><a href="#[9c]">&gt;&gt;</a>&nbsp;&nbsp;&nbsp;HAL_InitTick
<LI><a href="#[9b]">&gt;&gt;</a>&nbsp;&nbsp;&nbsp;HAL_NVIC_SetPriorityGrouping
</UL>
<BR>[Called By]<UL><LI><a href="#[54]">&gt;&gt;</a>&nbsp;&nbsp;&nbsp;main
</UL>

<P><STRONG><a name="[9c]"></a>HAL_InitTick</STRONG> (Thumb, 42 bytes, Stack size 16 bytes, stm32l4xx_hal.o(i.HAL_InitTick))
<BR><BR>[Stack]<UL><LI>Max Depth = 32<LI>Call Chain = HAL_InitTick &rArr; HAL_NVIC_SetPriority
</UL>
<BR>[Calls]<UL><LI><a href="#[9f]">&gt;&gt;</a>&nbsp;&nbsp;&nbsp;HAL_NVIC_SetPriority
<LI><a href="#[9e]">&gt;&gt;</a>&nbsp;&nbsp;&nbsp;HAL_SYSTICK_Config
</UL>
<BR>[Called By]<UL><LI><a href="#[a7]">&gt;&gt;</a>&nbsp;&nbsp;&nbsp;HAL_RCC_OscConfig
<LI><a href="#[a5]">&gt;&gt;</a>&nbsp;&nbsp;&nbsp;HAL_RCC_ClockConfig
<LI><a href="#[9a]">&gt;&gt;</a>&nbsp;&nbsp;&nbsp;HAL_Init
</UL>

<P><STRONG><a name="[9d]"></a>HAL_MspInit</STRONG> (Thumb, 56 bytes, Stack size 8 bytes, stm32l4xx_hal_msp.o(i.HAL_MspInit))
<BR><BR>[Stack]<UL><LI>Max Depth = 24<LI>Call Chain = HAL_MspInit &rArr; HAL_NVIC_SetPriority
</UL>
<BR>[Calls]<UL><LI><a href="#[9f]">&gt;&gt;</a>&nbsp;&nbsp;&nbsp;HAL_NVIC_SetPriority
<LI><a href="#[a0]">&gt;&gt;</a>&nbsp;&nbsp;&nbsp;HAL_NVIC_EnableIRQ
</UL>
<BR>[Called By]<UL><LI><a href="#[9a]">&gt;&gt;</a>&nbsp;&nbsp;&nbsp;HAL_Init
</UL>

<P><STRONG><a name="[a0]"></a>HAL_NVIC_EnableIRQ</STRONG> (Thumb, 22 bytes, Stack size 0 bytes, stm32l4xx_hal_cortex.o(i.HAL_NVIC_EnableIRQ))
<BR><BR>[Called By]<UL><LI><a href="#[9d]">&gt;&gt;</a>&nbsp;&nbsp;&nbsp;HAL_MspInit
<LI><a href="#[b0]">&gt;&gt;</a>&nbsp;&nbsp;&nbsp;HAL_UART_MspInit
</UL>

<P><STRONG><a name="[9f]"></a>HAL_NVIC_SetPriority</STRONG> (Thumb, 60 bytes, Stack size 16 bytes, stm32l4xx_hal_cortex.o(i.HAL_NVIC_SetPriority))
<BR><BR>[Stack]<UL><LI>Max Depth = 16<LI>Call Chain = HAL_NVIC_SetPriority
</UL>
<BR>[Calls]<UL><LI><a href="#[a1]">&gt;&gt;</a>&nbsp;&nbsp;&nbsp;NVIC_SetPriority
</UL>
<BR>[Called By]<UL><LI><a href="#[9d]">&gt;&gt;</a>&nbsp;&nbsp;&nbsp;HAL_MspInit
<LI><a href="#[b0]">&gt;&gt;</a>&nbsp;&nbsp;&nbsp;HAL_UART_MspInit
<LI><a href="#[9c]">&gt;&gt;</a>&nbsp;&nbsp;&nbsp;HAL_InitTick
</UL>

<P><STRONG><a name="[9b]"></a>HAL_NVIC_SetPriorityGrouping</STRONG> (Thumb, 26 bytes, Stack size 0 bytes, stm32l4xx_hal_cortex.o(i.HAL_NVIC_SetPriorityGrouping))
<BR><BR>[Called By]<UL><LI><a href="#[9a]">&gt;&gt;</a>&nbsp;&nbsp;&nbsp;HAL_Init
</UL>

<P><STRONG><a name="[fb]"></a>HAL_PWREx_ControlVoltageScaling</STRONG> (Thumb, 90 bytes, Stack size 0 bytes, stm32l4xx_hal_pwr_ex.o(i.HAL_PWREx_ControlVoltageScaling))
<BR><BR>[Called By]<UL><LI><a href="#[fa]">&gt;&gt;</a>&nbsp;&nbsp;&nbsp;SystemClock_Config
</UL>

<P><STRONG><a name="[f8]"></a>HAL_PWREx_GetVoltageRange</STRONG> (Thumb, 10 bytes, Stack size 0 bytes, stm32l4xx_hal_pwr_ex.o(i.HAL_PWREx_GetVoltageRange))
<BR><BR>[Called By]<UL><LI><a href="#[a8]">&gt;&gt;</a>&nbsp;&nbsp;&nbsp;RCC_SetFlashLatencyFromMSIRange
</UL>

<P><STRONG><a name="[a2]"></a>HAL_RCCEx_PeriphCLKConfig</STRONG> (Thumb, 682 bytes, Stack size 40 bytes, stm32l4xx_hal_rcc_ex.o(i.HAL_RCCEx_PeriphCLKConfig))
<BR><BR>[Stack]<UL><LI>Max Depth = 64<LI>Call Chain = HAL_RCCEx_PeriphCLKConfig &rArr; RCCEx_PLLSAI1_Config
</UL>
<BR>[Calls]<UL><LI><a href="#[a4]">&gt;&gt;</a>&nbsp;&nbsp;&nbsp;HAL_GetTick
<LI><a href="#[a3]">&gt;&gt;</a>&nbsp;&nbsp;&nbsp;RCCEx_PLLSAI1_Config
</UL>
<BR>[Called By]<UL><LI><a href="#[fa]">&gt;&gt;</a>&nbsp;&nbsp;&nbsp;SystemClock_Config
</UL>

<P><STRONG><a name="[a5]"></a>HAL_RCC_ClockConfig</STRONG> (Thumb, 264 bytes, Stack size 32 bytes, stm32l4xx_hal_rcc.o(i.HAL_RCC_ClockConfig))
<BR><BR>[Stack]<UL><LI>Max Depth = 64<LI>Call Chain = HAL_RCC_ClockConfig &rArr; HAL_InitTick &rArr; HAL_NVIC_SetPriority
</UL>
<BR>[Calls]<UL><LI><a href="#[9c]">&gt;&gt;</a>&nbsp;&nbsp;&nbsp;HAL_InitTick
<LI><a href="#[a6]">&gt;&gt;</a>&nbsp;&nbsp;&nbsp;HAL_RCC_GetSysClockFreq
<LI><a href="#[a4]">&gt;&gt;</a>&nbsp;&nbsp;&nbsp;HAL_GetTick
</UL>
<BR>[Called By]<UL><LI><a href="#[fa]">&gt;&gt;</a>&nbsp;&nbsp;&nbsp;SystemClock_Config
</UL>

<P><STRONG><a name="[fc]"></a>HAL_RCC_GetPCLK1Freq</STRONG> (Thumb, 24 bytes, Stack size 0 bytes, stm32l4xx_hal_rcc.o(i.HAL_RCC_GetPCLK1Freq))
<BR><BR>[Called By]<UL><LI><a href="#[b1]">&gt;&gt;</a>&nbsp;&nbsp;&nbsp;UART_SetConfig
</UL>

<P><STRONG><a name="[fd]"></a>HAL_RCC_GetPCLK2Freq</STRONG> (Thumb, 24 bytes, Stack size 0 bytes, stm32l4xx_hal_rcc.o(i.HAL_RCC_GetPCLK2Freq))
<BR><BR>[Called By]<UL><LI><a href="#[b1]">&gt;&gt;</a>&nbsp;&nbsp;&nbsp;UART_SetConfig
</UL>

<P><STRONG><a name="[a6]"></a>HAL_RCC_GetSysClockFreq</STRONG> (Thumb, 152 bytes, Stack size 16 bytes, stm32l4xx_hal_rcc.o(i.HAL_RCC_GetSysClockFreq))
<BR><BR>[Stack]<UL><LI>Max Depth = 16<LI>Call Chain = HAL_RCC_GetSysClockFreq
</UL>
<BR>[Called By]<UL><LI><a href="#[a7]">&gt;&gt;</a>&nbsp;&nbsp;&nbsp;HAL_RCC_OscConfig
<LI><a href="#[a5]">&gt;&gt;</a>&nbsp;&nbsp;&nbsp;HAL_RCC_ClockConfig
<LI><a href="#[b1]">&gt;&gt;</a>&nbsp;&nbsp;&nbsp;UART_SetConfig
</UL>

<P><STRONG><a name="[a7]"></a>HAL_RCC_OscConfig</STRONG> (Thumb, 1202 bytes, Stack size 32 bytes, stm32l4xx_hal_rcc.o(i.HAL_RCC_OscConfig))
<BR><BR>[Stack]<UL><LI>Max Depth = 64<LI>Call Chain = HAL_RCC_OscConfig &rArr; HAL_InitTick &rArr; HAL_NVIC_SetPriority
</UL>
<BR>[Calls]<UL><LI><a href="#[9c]">&gt;&gt;</a>&nbsp;&nbsp;&nbsp;HAL_InitTick
<LI><a href="#[a6]">&gt;&gt;</a>&nbsp;&nbsp;&nbsp;HAL_RCC_GetSysClockFreq
<LI><a href="#[a4]">&gt;&gt;</a>&nbsp;&nbsp;&nbsp;HAL_GetTick
<LI><a href="#[a8]">&gt;&gt;</a>&nbsp;&nbsp;&nbsp;RCC_SetFlashLatencyFromMSIRange
</UL>
<BR>[Called By]<UL><LI><a href="#[fa]">&gt;&gt;</a>&nbsp;&nbsp;&nbsp;SystemClock_Config
</UL>

<P><STRONG><a name="[9e]"></a>HAL_SYSTICK_Config</STRONG> (Thumb, 40 bytes, Stack size 8 bytes, stm32l4xx_hal_cortex.o(i.HAL_SYSTICK_Config))
<BR><BR>[Stack]<UL><LI>Max Depth = 8<LI>Call Chain = HAL_SYSTICK_Config
</UL>
<BR>[Calls]<UL><LI><a href="#[a1]">&gt;&gt;</a>&nbsp;&nbsp;&nbsp;NVIC_SetPriority
</UL>
<BR>[Called By]<UL><LI><a href="#[9c]">&gt;&gt;</a>&nbsp;&nbsp;&nbsp;HAL_InitTick
</UL>

<P><STRONG><a name="[ad]"></a>HAL_UARTEx_WakeupCallback</STRONG> (Thumb, 2 bytes, Stack size 0 bytes, stm32l4xx_hal_uart_ex.o(i.HAL_UARTEx_WakeupCallback))
<BR><BR>[Called By]<UL><LI><a href="#[a9]">&gt;&gt;</a>&nbsp;&nbsp;&nbsp;HAL_UART_IRQHandler
</UL>

<P><STRONG><a name="[ac]"></a>HAL_UART_ErrorCallback</STRONG> (Thumb, 2 bytes, Stack size 0 bytes, stm32l4xx_hal_uart.o(i.HAL_UART_ErrorCallback))
<BR><BR>[Called By]<UL><LI><a href="#[64]">&gt;&gt;</a>&nbsp;&nbsp;&nbsp;UART_DMAAbortOnError
<LI><a href="#[a9]">&gt;&gt;</a>&nbsp;&nbsp;&nbsp;HAL_UART_IRQHandler
</UL>

<P><STRONG><a name="[a9]"></a>HAL_UART_IRQHandler</STRONG> (Thumb, 320 bytes, Stack size 24 bytes, stm32l4xx_hal_uart.o(i.HAL_UART_IRQHandler))
<BR><BR>[Stack]<UL><LI>Max Depth = 32<LI>Call Chain = HAL_UART_IRQHandler &rArr; HAL_DMA_Abort_IT
</UL>
<BR>[Calls]<UL><LI><a href="#[aa]">&gt;&gt;</a>&nbsp;&nbsp;&nbsp;UART_EndRxTransfer
<LI><a href="#[ae]">&gt;&gt;</a>&nbsp;&nbsp;&nbsp;HAL_UART_TxCpltCallback
<LI><a href="#[ac]">&gt;&gt;</a>&nbsp;&nbsp;&nbsp;HAL_UART_ErrorCallback
<LI><a href="#[ad]">&gt;&gt;</a>&nbsp;&nbsp;&nbsp;HAL_UARTEx_WakeupCallback
<LI><a href="#[ab]">&gt;&gt;</a>&nbsp;&nbsp;&nbsp;HAL_DMA_Abort_IT
</UL>
<BR>[Called By]<UL><LI><a href="#[38]">&gt;&gt;</a>&nbsp;&nbsp;&nbsp;USART2_IRQHandler
<LI><a href="#[37]">&gt;&gt;</a>&nbsp;&nbsp;&nbsp;USART1_IRQHandler
</UL>

<P><STRONG><a name="[af]"></a>HAL_UART_Init</STRONG> (Thumb, 106 bytes, Stack size 8 bytes, stm32l4xx_hal_uart.o(i.HAL_UART_Init))
<BR><BR>[Stack]<UL><LI>Max Depth = 96<LI>Call Chain = HAL_UART_Init &rArr; HAL_UART_MspInit &rArr; HAL_GPIO_Init
</UL>
<BR>[Calls]<UL><LI><a href="#[b0]">&gt;&gt;</a>&nbsp;&nbsp;&nbsp;HAL_UART_MspInit
<LI><a href="#[b1]">&gt;&gt;</a>&nbsp;&nbsp;&nbsp;UART_SetConfig
<LI><a href="#[b3]">&gt;&gt;</a>&nbsp;&nbsp;&nbsp;UART_CheckIdleState
<LI><a href="#[b2]">&gt;&gt;</a>&nbsp;&nbsp;&nbsp;UART_AdvFeatureConfig
</UL>
<BR>[Called By]<UL><LI><a href="#[f7]">&gt;&gt;</a>&nbsp;&nbsp;&nbsp;MX_USART2_UART_Init
<LI><a href="#[f5]">&gt;&gt;</a>&nbsp;&nbsp;&nbsp;MX_USART1_UART_Init
</UL>

<P><STRONG><a name="[b0]"></a>HAL_UART_MspInit</STRONG> (Thumb, 176 bytes, Stack size 48 bytes, usart.o(i.HAL_UART_MspInit))
<BR><BR>[Stack]<UL><LI>Max Depth = 88<LI>Call Chain = HAL_UART_MspInit &rArr; HAL_GPIO_Init
</UL>
<BR>[Calls]<UL><LI><a href="#[9f]">&gt;&gt;</a>&nbsp;&nbsp;&nbsp;HAL_NVIC_SetPriority
<LI><a href="#[a0]">&gt;&gt;</a>&nbsp;&nbsp;&nbsp;HAL_NVIC_EnableIRQ
<LI><a href="#[b4]">&gt;&gt;</a>&nbsp;&nbsp;&nbsp;HAL_GPIO_Init
<LI><a href="#[7a]">&gt;&gt;</a>&nbsp;&nbsp;&nbsp;__aeabi_memclr4
</UL>
<BR>[Called By]<UL><LI><a href="#[af]">&gt;&gt;</a>&nbsp;&nbsp;&nbsp;HAL_UART_Init
</UL>

<P><STRONG><a name="[b5]"></a>HAL_UART_Transmit</STRONG> (Thumb, 176 bytes, Stack size 32 bytes, stm32l4xx_hal_uart.o(i.HAL_UART_Transmit))
<BR><BR>[Stack]<UL><LI>Max Depth = 56<LI>Call Chain = HAL_UART_Transmit &rArr; UART_WaitOnFlagUntilTimeout
</UL>
<BR>[Calls]<UL><LI><a href="#[a4]">&gt;&gt;</a>&nbsp;&nbsp;&nbsp;HAL_GetTick
<LI><a href="#[b6]">&gt;&gt;</a>&nbsp;&nbsp;&nbsp;UART_WaitOnFlagUntilTimeout
</UL>
<BR>[Called By]<UL><LI><a href="#[66]">&gt;&gt;</a>&nbsp;&nbsp;&nbsp;fputc
</UL>

<P><STRONG><a name="[ae]"></a>HAL_UART_TxCpltCallback</STRONG> (Thumb, 2 bytes, Stack size 0 bytes, stm32l4xx_hal_uart.o(i.HAL_UART_TxCpltCallback))
<BR><BR>[Called By]<UL><LI><a href="#[a9]">&gt;&gt;</a>&nbsp;&nbsp;&nbsp;HAL_UART_IRQHandler
</UL>

<P><STRONG><a name="[c]"></a>HardFault_Handler</STRONG> (Thumb, 2 bytes, Stack size 0 bytes, stm32l4xx_it.o(i.HardFault_Handler))
<BR><BR>[Calls]<UL><LI><a href="#[c]">&gt;&gt;</a>&nbsp;&nbsp;&nbsp;HardFault_Handler
</UL>
<BR>[Called By]<UL><LI><a href="#[c]">&gt;&gt;</a>&nbsp;&nbsp;&nbsp;HardFault_Handler
</UL>
<BR>[Address Reference Count : 1]<UL><LI> startup_stm32l431xx.o(RESET)
</UL>
<P><STRONG><a name="[eb]"></a>LOS_Align</STRONG> (Thumb, 20 bytes, Stack size 0 bytes, los_misc.o(i.LOS_Align))
<BR><BR>[Called By]<UL><LI><a href="#[e8]">&gt;&gt;</a>&nbsp;&nbsp;&nbsp;LOS_TaskCreateOnly
</UL>

<P><STRONG><a name="[7d]"></a>LOS_CyclePerTickGet</STRONG> (Thumb, 14 bytes, Stack size 0 bytes, los_sys.o(i.LOS_CyclePerTickGet))
<BR><BR>[Called By]<UL><LI><a href="#[5]">&gt;&gt;</a>&nbsp;&nbsp;&nbsp;Example_GetTick
</UL>

<P><STRONG><a name="[d2]"></a>LOS_ErrHandle</STRONG> (Thumb, 22 bytes, Stack size 16 bytes, los_err.o(i.LOS_ErrHandle))
<BR><BR>[Stack]<UL><LI>Max Depth = 16<LI>Call Chain = LOS_ErrHandle
</UL>
<BR>[Called By]<UL><LI><a href="#[e0]">&gt;&gt;</a>&nbsp;&nbsp;&nbsp;osSemCreate
<LI><a href="#[88]">&gt;&gt;</a>&nbsp;&nbsp;&nbsp;LOS_SemPost
<LI><a href="#[87]">&gt;&gt;</a>&nbsp;&nbsp;&nbsp;LOS_SemPend
<LI><a href="#[8b]">&gt;&gt;</a>&nbsp;&nbsp;&nbsp;LOS_SemDelete
<LI><a href="#[86]">&gt;&gt;</a>&nbsp;&nbsp;&nbsp;LOS_MuxPost
<LI><a href="#[85]">&gt;&gt;</a>&nbsp;&nbsp;&nbsp;LOS_MuxPend
<LI><a href="#[84]">&gt;&gt;</a>&nbsp;&nbsp;&nbsp;LOS_MuxDelete
<LI><a href="#[83]">&gt;&gt;</a>&nbsp;&nbsp;&nbsp;LOS_MuxCreate
</UL>

<P><STRONG><a name="[8e]"></a>LOS_EventClear</STRONG> (Thumb, 30 bytes, Stack size 16 bytes, los_event.o(i.LOS_EventClear))
<BR><BR>[Stack]<UL><LI>Max Depth = 16 + Unknown Stack Size
<LI>Call Chain = LOS_EventClear
</UL>
<BR>[Calls]<UL><LI><a href="#[b8]">&gt;&gt;</a>&nbsp;&nbsp;&nbsp;LOS_IntRestore
<LI><a href="#[b7]">&gt;&gt;</a>&nbsp;&nbsp;&nbsp;LOS_IntLock
</UL>
<BR>[Called By]<UL><LI><a href="#[1]">&gt;&gt;</a>&nbsp;&nbsp;&nbsp;Example_SndRcvEvent
</UL>

<P><STRONG><a name="[8c]"></a>LOS_EventInit</STRONG> (Thumb, 18 bytes, Stack size 0 bytes, los_event.o(i.LOS_EventInit))
<BR><BR>[Called By]<UL><LI><a href="#[1]">&gt;&gt;</a>&nbsp;&nbsp;&nbsp;Example_SndRcvEvent
</UL>

<P><STRONG><a name="[b9]"></a>LOS_EventPoll</STRONG> (Thumb, 70 bytes, Stack size 24 bytes, los_event.o(i.LOS_EventPoll))
<BR><BR>[Stack]<UL><LI>Max Depth = 24 + Unknown Stack Size
<LI>Call Chain = LOS_EventPoll
</UL>
<BR>[Calls]<UL><LI><a href="#[b8]">&gt;&gt;</a>&nbsp;&nbsp;&nbsp;LOS_IntRestore
<LI><a href="#[b7]">&gt;&gt;</a>&nbsp;&nbsp;&nbsp;LOS_IntLock
</UL>
<BR>[Called By]<UL><LI><a href="#[7c]">&gt;&gt;</a>&nbsp;&nbsp;&nbsp;LOS_EventRead
</UL>

<P><STRONG><a name="[7c]"></a>LOS_EventRead</STRONG> (Thumb, 220 bytes, Stack size 32 bytes, los_event.o(i.LOS_EventRead))
<BR><BR>[Stack]<UL><LI>Max Depth = 72 + Unknown Stack Size
<LI>Call Chain = LOS_EventRead &rArr; osTaskWait &rArr; osTaskAdd2TimerList
</UL>
<BR>[Calls]<UL><LI><a href="#[ba]">&gt;&gt;</a>&nbsp;&nbsp;&nbsp;osIntNumGet
<LI><a href="#[b8]">&gt;&gt;</a>&nbsp;&nbsp;&nbsp;LOS_IntRestore
<LI><a href="#[b7]">&gt;&gt;</a>&nbsp;&nbsp;&nbsp;LOS_IntLock
<LI><a href="#[bc]">&gt;&gt;</a>&nbsp;&nbsp;&nbsp;LOS_Schedule
<LI><a href="#[bb]">&gt;&gt;</a>&nbsp;&nbsp;&nbsp;osTaskWait
<LI><a href="#[b9]">&gt;&gt;</a>&nbsp;&nbsp;&nbsp;LOS_EventPoll
</UL>
<BR>[Called By]<UL><LI><a href="#[5f]">&gt;&gt;</a>&nbsp;&nbsp;&nbsp;Example_Event
</UL>

<P><STRONG><a name="[8d]"></a>LOS_EventWrite</STRONG> (Thumb, 138 bytes, Stack size 24 bytes, los_event.o(i.LOS_EventWrite))
<BR><BR>[Stack]<UL><LI>Max Depth = 48 + Unknown Stack Size
<LI>Call Chain = LOS_EventWrite &rArr; osTaskWake &rArr; osTimerListDelete
</UL>
<BR>[Calls]<UL><LI><a href="#[b8]">&gt;&gt;</a>&nbsp;&nbsp;&nbsp;LOS_IntRestore
<LI><a href="#[b7]">&gt;&gt;</a>&nbsp;&nbsp;&nbsp;LOS_IntLock
<LI><a href="#[bc]">&gt;&gt;</a>&nbsp;&nbsp;&nbsp;LOS_Schedule
<LI><a href="#[bd]">&gt;&gt;</a>&nbsp;&nbsp;&nbsp;osTaskWake
</UL>
<BR>[Called By]<UL><LI><a href="#[1]">&gt;&gt;</a>&nbsp;&nbsp;&nbsp;Example_SndRcvEvent
</UL>

<P><STRONG><a name="[78]"></a>LOS_InspectStatusSetByID</STRONG> (Thumb, 60 bytes, Stack size 8 bytes, los_inspect_entry.o(i.LOS_InspectStatusSetByID))
<BR><BR>[Stack]<UL><LI>Max Depth = 32<LI>Call Chain = LOS_InspectStatusSetByID &rArr; __2printf
</UL>
<BR>[Calls]<UL><LI><a href="#[75]">&gt;&gt;</a>&nbsp;&nbsp;&nbsp;__2printf
</UL>
<BR>[Called By]<UL><LI><a href="#[58]">&gt;&gt;</a>&nbsp;&nbsp;&nbsp;Example_TaskLo_1
<LI><a href="#[57]">&gt;&gt;</a>&nbsp;&nbsp;&nbsp;Example_TaskHi_1
<LI><a href="#[63]">&gt;&gt;</a>&nbsp;&nbsp;&nbsp;Timer2_Callback
<LI><a href="#[61]">&gt;&gt;</a>&nbsp;&nbsp;&nbsp;Example_TaskLo
<LI><a href="#[60]">&gt;&gt;</a>&nbsp;&nbsp;&nbsp;Example_TaskHi
<LI><a href="#[5]">&gt;&gt;</a>&nbsp;&nbsp;&nbsp;Example_GetTick
<LI><a href="#[8]">&gt;&gt;</a>&nbsp;&nbsp;&nbsp;Example_StaticMem
<LI><a href="#[5d]">&gt;&gt;</a>&nbsp;&nbsp;&nbsp;Example_SemTask1
<LI><a href="#[5b]">&gt;&gt;</a>&nbsp;&nbsp;&nbsp;Example_MutexTask1
<LI><a href="#[5a]">&gt;&gt;</a>&nbsp;&nbsp;&nbsp;recv_Entry
<LI><a href="#[7]">&gt;&gt;</a>&nbsp;&nbsp;&nbsp;Example_list
<LI><a href="#[5f]">&gt;&gt;</a>&nbsp;&nbsp;&nbsp;Example_Event
<LI><a href="#[9]">&gt;&gt;</a>&nbsp;&nbsp;&nbsp;Example_Dyn_Mem
</UL>

<P><STRONG><a name="[be]"></a>LOS_KernelInit</STRONG> (Thumb, 130 bytes, Stack size 8 bytes, los_init.o(i.LOS_KernelInit))
<BR><BR>[Stack]<UL><LI>Max Depth = 196 + Unknown Stack Size
<LI>Call Chain = LOS_KernelInit &rArr; osSwTmrInit &rArr; osSwTmrTaskCreate &rArr; LOS_TaskCreate &rArr; LOS_TaskCreateOnly &rArr; LOS_MemAllocAlign &rArr; osHeapAllocAlign &rArr; osHeapAlloc &rArr; osAlarmHeapInfo &rArr; osHeapStatisticsGet
</UL>
<BR>[Calls]<UL><LI><a href="#[c6]">&gt;&gt;</a>&nbsp;&nbsp;&nbsp;osTimesliceInit
<LI><a href="#[c1]">&gt;&gt;</a>&nbsp;&nbsp;&nbsp;osTaskMonInit
<LI><a href="#[c0]">&gt;&gt;</a>&nbsp;&nbsp;&nbsp;osTaskInit
<LI><a href="#[c5]">&gt;&gt;</a>&nbsp;&nbsp;&nbsp;osSwTmrInit
<LI><a href="#[c2]">&gt;&gt;</a>&nbsp;&nbsp;&nbsp;osSemInit
<LI><a href="#[c4]">&gt;&gt;</a>&nbsp;&nbsp;&nbsp;osQueueInit
<LI><a href="#[c3]">&gt;&gt;</a>&nbsp;&nbsp;&nbsp;osMuxInit
<LI><a href="#[bf]">&gt;&gt;</a>&nbsp;&nbsp;&nbsp;osMemSystemInit
<LI><a href="#[c7]">&gt;&gt;</a>&nbsp;&nbsp;&nbsp;osIdleTaskCreate
<LI><a href="#[75]">&gt;&gt;</a>&nbsp;&nbsp;&nbsp;__2printf
</UL>
<BR>[Called By]<UL><LI><a href="#[54]">&gt;&gt;</a>&nbsp;&nbsp;&nbsp;main
</UL>

<P><STRONG><a name="[76]"></a>LOS_MemAlloc</STRONG> (Thumb, 40 bytes, Stack size 16 bytes, los_memory.o(i.LOS_MemAlloc))
<BR><BR>[Stack]<UL><LI>Max Depth = 84 + Unknown Stack Size
<LI>Call Chain = LOS_MemAlloc &rArr; osHeapAlloc &rArr; osAlarmHeapInfo &rArr; osHeapStatisticsGet
</UL>
<BR>[Calls]<UL><LI><a href="#[ca]">&gt;&gt;</a>&nbsp;&nbsp;&nbsp;osSlabMemAlloc
<LI><a href="#[cb]">&gt;&gt;</a>&nbsp;&nbsp;&nbsp;osHeapAlloc
</UL>
<BR>[Called By]<UL><LI><a href="#[c0]">&gt;&gt;</a>&nbsp;&nbsp;&nbsp;osTaskInit
<LI><a href="#[c5]">&gt;&gt;</a>&nbsp;&nbsp;&nbsp;osSwTmrInit
<LI><a href="#[c2]">&gt;&gt;</a>&nbsp;&nbsp;&nbsp;osSemInit
<LI><a href="#[c4]">&gt;&gt;</a>&nbsp;&nbsp;&nbsp;osQueueInit
<LI><a href="#[c3]">&gt;&gt;</a>&nbsp;&nbsp;&nbsp;osMuxInit
<LI><a href="#[81]">&gt;&gt;</a>&nbsp;&nbsp;&nbsp;LOS_QueueCreate
<LI><a href="#[106]">&gt;&gt;</a>&nbsp;&nbsp;&nbsp;osPriqueueInit
<LI><a href="#[7]">&gt;&gt;</a>&nbsp;&nbsp;&nbsp;Example_list
<LI><a href="#[9]">&gt;&gt;</a>&nbsp;&nbsp;&nbsp;Example_Dyn_Mem
</UL>

<P><STRONG><a name="[cc]"></a>LOS_MemAllocAlign</STRONG> (Thumb, 4 bytes, Stack size 0 bytes, los_memory.o(i.LOS_MemAllocAlign))
<BR><BR>[Stack]<UL><LI>Max Depth = 84 + Unknown Stack Size
<LI>Call Chain = LOS_MemAllocAlign &rArr; osHeapAllocAlign &rArr; osHeapAlloc &rArr; osAlarmHeapInfo &rArr; osHeapStatisticsGet
</UL>
<BR>[Calls]<UL><LI><a href="#[cd]">&gt;&gt;</a>&nbsp;&nbsp;&nbsp;osHeapAllocAlign
</UL>
<BR>[Called By]<UL><LI><a href="#[e8]">&gt;&gt;</a>&nbsp;&nbsp;&nbsp;LOS_TaskCreateOnly
</UL>

<P><STRONG><a name="[77]"></a>LOS_MemFree</STRONG> (Thumb, 38 bytes, Stack size 16 bytes, los_memory.o(i.LOS_MemFree))
<BR><BR>[Stack]<UL><LI>Max Depth = 64 + Unknown Stack Size
<LI>Call Chain = LOS_MemFree &rArr; osHeapFree &rArr; __2printf
</UL>
<BR>[Calls]<UL><LI><a href="#[ce]">&gt;&gt;</a>&nbsp;&nbsp;&nbsp;osSlabMemFree
<LI><a href="#[cf]">&gt;&gt;</a>&nbsp;&nbsp;&nbsp;osHeapFree
</UL>
<BR>[Called By]<UL><LI><a href="#[8a]">&gt;&gt;</a>&nbsp;&nbsp;&nbsp;LOS_TaskDelete
<LI><a href="#[e8]">&gt;&gt;</a>&nbsp;&nbsp;&nbsp;LOS_TaskCreateOnly
<LI><a href="#[81]">&gt;&gt;</a>&nbsp;&nbsp;&nbsp;LOS_QueueCreate
<LI><a href="#[d5]">&gt;&gt;</a>&nbsp;&nbsp;&nbsp;LOS_QueueDelete
<LI><a href="#[7]">&gt;&gt;</a>&nbsp;&nbsp;&nbsp;Example_list
<LI><a href="#[9]">&gt;&gt;</a>&nbsp;&nbsp;&nbsp;Example_Dyn_Mem
</UL>

<P><STRONG><a name="[74]"></a>LOS_MemInit</STRONG> (Thumb, 160 bytes, Stack size 40 bytes, los_memory.o(i.LOS_MemInit))
<BR><BR>[Stack]<UL><LI>Max Depth = 172 + Unknown Stack Size
<LI>Call Chain = LOS_MemInit &rArr; osSlabMemInit &rArr; osSlabAllocatorNew &rArr; osHeapAlloc &rArr; osAlarmHeapInfo &rArr; osHeapStatisticsGet
</UL>
<BR>[Calls]<UL><LI><a href="#[b8]">&gt;&gt;</a>&nbsp;&nbsp;&nbsp;LOS_IntRestore
<LI><a href="#[b7]">&gt;&gt;</a>&nbsp;&nbsp;&nbsp;LOS_IntLock
<LI><a href="#[d1]">&gt;&gt;</a>&nbsp;&nbsp;&nbsp;osSlabMemInit
<LI><a href="#[d0]">&gt;&gt;</a>&nbsp;&nbsp;&nbsp;osHeapInit
<LI><a href="#[75]">&gt;&gt;</a>&nbsp;&nbsp;&nbsp;__2printf
</UL>
<BR>[Called By]<UL><LI><a href="#[bf]">&gt;&gt;</a>&nbsp;&nbsp;&nbsp;osMemSystemInit
<LI><a href="#[9]">&gt;&gt;</a>&nbsp;&nbsp;&nbsp;Example_Dyn_Mem
</UL>

<P><STRONG><a name="[90]"></a>LOS_MemboxAlloc</STRONG> (Thumb, 50 bytes, Stack size 16 bytes, los_membox.o(i.LOS_MemboxAlloc))
<BR><BR>[Stack]<UL><LI>Max Depth = 16 + Unknown Stack Size
<LI>Call Chain = LOS_MemboxAlloc
</UL>
<BR>[Calls]<UL><LI><a href="#[b8]">&gt;&gt;</a>&nbsp;&nbsp;&nbsp;LOS_IntRestore
<LI><a href="#[b7]">&gt;&gt;</a>&nbsp;&nbsp;&nbsp;LOS_IntLock
</UL>
<BR>[Called By]<UL><LI><a href="#[8]">&gt;&gt;</a>&nbsp;&nbsp;&nbsp;Example_StaticMem
</UL>

<P><STRONG><a name="[91]"></a>LOS_MemboxClr</STRONG> (Thumb, 22 bytes, Stack size 0 bytes, los_membox.o(i.LOS_MemboxClr))
<BR><BR>[Calls]<UL><LI><a href="#[70]">&gt;&gt;</a>&nbsp;&nbsp;&nbsp;__aeabi_memclr
</UL>
<BR>[Called By]<UL><LI><a href="#[8]">&gt;&gt;</a>&nbsp;&nbsp;&nbsp;Example_StaticMem
</UL>

<P><STRONG><a name="[92]"></a>LOS_MemboxFree</STRONG> (Thumb, 88 bytes, Stack size 16 bytes, los_membox.o(i.LOS_MemboxFree))
<BR><BR>[Stack]<UL><LI>Max Depth = 16 + Unknown Stack Size
<LI>Call Chain = LOS_MemboxFree
</UL>
<BR>[Calls]<UL><LI><a href="#[b8]">&gt;&gt;</a>&nbsp;&nbsp;&nbsp;LOS_IntRestore
<LI><a href="#[b7]">&gt;&gt;</a>&nbsp;&nbsp;&nbsp;LOS_IntLock
</UL>
<BR>[Called By]<UL><LI><a href="#[8]">&gt;&gt;</a>&nbsp;&nbsp;&nbsp;Example_StaticMem
</UL>

<P><STRONG><a name="[8f]"></a>LOS_MemboxInit</STRONG> (Thumb, 94 bytes, Stack size 16 bytes, los_membox.o(i.LOS_MemboxInit))
<BR><BR>[Stack]<UL><LI>Max Depth = 16 + Unknown Stack Size
<LI>Call Chain = LOS_MemboxInit
</UL>
<BR>[Calls]<UL><LI><a href="#[b8]">&gt;&gt;</a>&nbsp;&nbsp;&nbsp;LOS_IntRestore
<LI><a href="#[b7]">&gt;&gt;</a>&nbsp;&nbsp;&nbsp;LOS_IntLock
</UL>
<BR>[Called By]<UL><LI><a href="#[8]">&gt;&gt;</a>&nbsp;&nbsp;&nbsp;Example_StaticMem
</UL>

<P><STRONG><a name="[83]"></a>LOS_MuxCreate</STRONG> (Thumb, 102 bytes, Stack size 16 bytes, los_mux.o(i.LOS_MuxCreate))
<BR><BR>[Stack]<UL><LI>Max Depth = 32 + Unknown Stack Size
<LI>Call Chain = LOS_MuxCreate &rArr; LOS_ErrHandle
</UL>
<BR>[Calls]<UL><LI><a href="#[b8]">&gt;&gt;</a>&nbsp;&nbsp;&nbsp;LOS_IntRestore
<LI><a href="#[b7]">&gt;&gt;</a>&nbsp;&nbsp;&nbsp;LOS_IntLock
<LI><a href="#[d2]">&gt;&gt;</a>&nbsp;&nbsp;&nbsp;LOS_ErrHandle
</UL>
<BR>[Called By]<UL><LI><a href="#[4]">&gt;&gt;</a>&nbsp;&nbsp;&nbsp;Example_MutexLock
</UL>

<P><STRONG><a name="[84]"></a>LOS_MuxDelete</STRONG> (Thumb, 118 bytes, Stack size 32 bytes, los_mux.o(i.LOS_MuxDelete))
<BR><BR>[Stack]<UL><LI>Max Depth = 48 + Unknown Stack Size
<LI>Call Chain = LOS_MuxDelete &rArr; LOS_ErrHandle
</UL>
<BR>[Calls]<UL><LI><a href="#[b8]">&gt;&gt;</a>&nbsp;&nbsp;&nbsp;LOS_IntRestore
<LI><a href="#[b7]">&gt;&gt;</a>&nbsp;&nbsp;&nbsp;LOS_IntLock
<LI><a href="#[d2]">&gt;&gt;</a>&nbsp;&nbsp;&nbsp;LOS_ErrHandle
<LI><a href="#[d3]">&gt;&gt;</a>&nbsp;&nbsp;&nbsp;LOS_ListAdd
</UL>
<BR>[Called By]<UL><LI><a href="#[4]">&gt;&gt;</a>&nbsp;&nbsp;&nbsp;Example_MutexLock
</UL>

<P><STRONG><a name="[85]"></a>LOS_MuxPend</STRONG> (Thumb, 250 bytes, Stack size 32 bytes, los_mux.o(i.LOS_MuxPend))
<BR><BR>[Stack]<UL><LI>Max Depth = 72 + Unknown Stack Size
<LI>Call Chain = LOS_MuxPend &rArr; osTaskWait &rArr; osTaskAdd2TimerList
</UL>
<BR>[Calls]<UL><LI><a href="#[ba]">&gt;&gt;</a>&nbsp;&nbsp;&nbsp;osIntNumGet
<LI><a href="#[b8]">&gt;&gt;</a>&nbsp;&nbsp;&nbsp;LOS_IntRestore
<LI><a href="#[b7]">&gt;&gt;</a>&nbsp;&nbsp;&nbsp;LOS_IntLock
<LI><a href="#[bc]">&gt;&gt;</a>&nbsp;&nbsp;&nbsp;LOS_Schedule
<LI><a href="#[bb]">&gt;&gt;</a>&nbsp;&nbsp;&nbsp;osTaskWait
<LI><a href="#[d4]">&gt;&gt;</a>&nbsp;&nbsp;&nbsp;osTaskPriModify
<LI><a href="#[d2]">&gt;&gt;</a>&nbsp;&nbsp;&nbsp;LOS_ErrHandle
<LI><a href="#[75]">&gt;&gt;</a>&nbsp;&nbsp;&nbsp;__2printf
</UL>
<BR>[Called By]<UL><LI><a href="#[5c]">&gt;&gt;</a>&nbsp;&nbsp;&nbsp;Example_MutexTask2
<LI><a href="#[5b]">&gt;&gt;</a>&nbsp;&nbsp;&nbsp;Example_MutexTask1
</UL>

<P><STRONG><a name="[86]"></a>LOS_MuxPost</STRONG> (Thumb, 156 bytes, Stack size 32 bytes, los_mux.o(i.LOS_MuxPost))
<BR><BR>[Stack]<UL><LI>Max Depth = 56 + Unknown Stack Size
<LI>Call Chain = LOS_MuxPost &rArr; osTaskWake &rArr; osTimerListDelete
</UL>
<BR>[Calls]<UL><LI><a href="#[b8]">&gt;&gt;</a>&nbsp;&nbsp;&nbsp;LOS_IntRestore
<LI><a href="#[b7]">&gt;&gt;</a>&nbsp;&nbsp;&nbsp;LOS_IntLock
<LI><a href="#[bc]">&gt;&gt;</a>&nbsp;&nbsp;&nbsp;LOS_Schedule
<LI><a href="#[bd]">&gt;&gt;</a>&nbsp;&nbsp;&nbsp;osTaskWake
<LI><a href="#[d4]">&gt;&gt;</a>&nbsp;&nbsp;&nbsp;osTaskPriModify
<LI><a href="#[d2]">&gt;&gt;</a>&nbsp;&nbsp;&nbsp;LOS_ErrHandle
</UL>
<BR>[Called By]<UL><LI><a href="#[5c]">&gt;&gt;</a>&nbsp;&nbsp;&nbsp;Example_MutexTask2
<LI><a href="#[5b]">&gt;&gt;</a>&nbsp;&nbsp;&nbsp;Example_MutexTask1
</UL>

<P><STRONG><a name="[81]"></a>LOS_QueueCreate</STRONG> (Thumb, 182 bytes, Stack size 32 bytes, los_queue.o(i.LOS_QueueCreate))
<BR><BR>[Stack]<UL><LI>Max Depth = 116 + Unknown Stack Size
<LI>Call Chain = LOS_QueueCreate &rArr; LOS_MemAlloc &rArr; osHeapAlloc &rArr; osAlarmHeapInfo &rArr; osHeapStatisticsGet
</UL>
<BR>[Calls]<UL><LI><a href="#[b8]">&gt;&gt;</a>&nbsp;&nbsp;&nbsp;LOS_IntRestore
<LI><a href="#[b7]">&gt;&gt;</a>&nbsp;&nbsp;&nbsp;LOS_IntLock
<LI><a href="#[77]">&gt;&gt;</a>&nbsp;&nbsp;&nbsp;LOS_MemFree
<LI><a href="#[76]">&gt;&gt;</a>&nbsp;&nbsp;&nbsp;LOS_MemAlloc
</UL>
<BR>[Called By]<UL><LI><a href="#[c5]">&gt;&gt;</a>&nbsp;&nbsp;&nbsp;osSwTmrInit
<LI><a href="#[2]">&gt;&gt;</a>&nbsp;&nbsp;&nbsp;Example_MsgQueue
</UL>

<P><STRONG><a name="[d5]"></a>LOS_QueueDelete</STRONG> (Thumb, 138 bytes, Stack size 16 bytes, los_queue.o(i.LOS_QueueDelete))
<BR><BR>[Stack]<UL><LI>Max Depth = 80 + Unknown Stack Size
<LI>Call Chain = LOS_QueueDelete &rArr; LOS_MemFree &rArr; osHeapFree &rArr; __2printf
</UL>
<BR>[Calls]<UL><LI><a href="#[b8]">&gt;&gt;</a>&nbsp;&nbsp;&nbsp;LOS_IntRestore
<LI><a href="#[b7]">&gt;&gt;</a>&nbsp;&nbsp;&nbsp;LOS_IntLock
<LI><a href="#[77]">&gt;&gt;</a>&nbsp;&nbsp;&nbsp;LOS_MemFree
<LI><a href="#[d6]">&gt;&gt;</a>&nbsp;&nbsp;&nbsp;LOS_ListAdd
</UL>
<BR>[Called By]<UL><LI><a href="#[5a]">&gt;&gt;</a>&nbsp;&nbsp;&nbsp;recv_Entry
</UL>

<P><STRONG><a name="[d7]"></a>LOS_QueueRead</STRONG> (Thumb, 38 bytes, Stack size 40 bytes, los_queue.o(i.LOS_QueueRead))
<BR><BR>[Stack]<UL><LI>Max Depth = 144 + Unknown Stack Size
<LI>Call Chain = LOS_QueueRead &rArr; osQueueOperate &rArr; osQueueBufferOperate &rArr; __2printf
</UL>
<BR>[Calls]<UL><LI><a href="#[d9]">&gt;&gt;</a>&nbsp;&nbsp;&nbsp;osQueueOperate
<LI><a href="#[d8]">&gt;&gt;</a>&nbsp;&nbsp;&nbsp;osQueueReadParameterCheck
</UL>
<BR>[Called By]<UL><LI><a href="#[5a]">&gt;&gt;</a>&nbsp;&nbsp;&nbsp;recv_Entry
</UL>

<P><STRONG><a name="[da]"></a>LOS_QueueReadCopy</STRONG> (Thumb, 34 bytes, Stack size 24 bytes, los_queue.o(i.LOS_QueueReadCopy))
<BR><BR>[Stack]<UL><LI>Max Depth = 128 + Unknown Stack Size
<LI>Call Chain = LOS_QueueReadCopy &rArr; osQueueOperate &rArr; osQueueBufferOperate &rArr; __2printf
</UL>
<BR>[Calls]<UL><LI><a href="#[d9]">&gt;&gt;</a>&nbsp;&nbsp;&nbsp;osQueueOperate
<LI><a href="#[d8]">&gt;&gt;</a>&nbsp;&nbsp;&nbsp;osQueueReadParameterCheck
</UL>
<BR>[Called By]<UL><LI><a href="#[67]">&gt;&gt;</a>&nbsp;&nbsp;&nbsp;osSwTmrTask
</UL>

<P><STRONG><a name="[db]"></a>LOS_QueueWrite</STRONG> (Thumb, 44 bytes, Stack size 32 bytes, los_queue.o(i.LOS_QueueWrite))
<BR><BR>[Stack]<UL><LI>Max Depth = 136 + Unknown Stack Size
<LI>Call Chain = LOS_QueueWrite &rArr; osQueueOperate &rArr; osQueueBufferOperate &rArr; __2printf
</UL>
<BR>[Calls]<UL><LI><a href="#[d9]">&gt;&gt;</a>&nbsp;&nbsp;&nbsp;osQueueOperate
<LI><a href="#[dc]">&gt;&gt;</a>&nbsp;&nbsp;&nbsp;osQueueWriteParameterCheck
</UL>
<BR>[Called By]<UL><LI><a href="#[59]">&gt;&gt;</a>&nbsp;&nbsp;&nbsp;send_Entry
</UL>

<P><STRONG><a name="[dd]"></a>LOS_QueueWriteCopy</STRONG> (Thumb, 38 bytes, Stack size 40 bytes, los_queue.o(i.LOS_QueueWriteCopy))
<BR><BR>[Stack]<UL><LI>Max Depth = 144 + Unknown Stack Size
<LI>Call Chain = LOS_QueueWriteCopy &rArr; osQueueOperate &rArr; osQueueBufferOperate &rArr; __2printf
</UL>
<BR>[Calls]<UL><LI><a href="#[d9]">&gt;&gt;</a>&nbsp;&nbsp;&nbsp;osQueueOperate
<LI><a href="#[dc]">&gt;&gt;</a>&nbsp;&nbsp;&nbsp;osQueueWriteParameterCheck
</UL>
<BR>[Called By]<UL><LI><a href="#[112]">&gt;&gt;</a>&nbsp;&nbsp;&nbsp;osSwTmrTimeoutHandle
</UL>

<P><STRONG><a name="[bc]"></a>LOS_Schedule</STRONG> (Thumb, 54 bytes, Stack size 8 bytes, los_hw.o(i.LOS_Schedule))
<BR><BR>[Stack]<UL><LI>Max Depth = 8 + Unknown Stack Size
<LI>Call Chain = LOS_Schedule
</UL>
[...]
<LI><a href="#[e9]">&gt;&gt;</a>&nbsp;&nbsp;&nbsp;osPriqueueEnqueue
</UL>
<BR>[Called By]<UL><LI><a href="#[f9]">&gt;&gt;</a>&nbsp;&nbsp;&nbsp;osTickHandler
</UL>

<P><STRONG><a name="[68]"></a>osTaskSwitchCheck</STRONG> (Thumb, 170 bytes, Stack size 8 bytes, los_task.o(i.osTaskSwitchCheck))
<BR><BR>[Stack]<UL><LI>Max Depth = 32<LI>Call Chain = osTaskSwitchCheck &rArr; __2printf
</UL>
<BR>[Calls]<UL><LI><a href="#[108]">&gt;&gt;</a>&nbsp;&nbsp;&nbsp;__aeabi_memcpy
<LI><a href="#[75]">&gt;&gt;</a>&nbsp;&nbsp;&nbsp;__2printf
</UL>
<BR>[Address Reference Count : 1]<UL><LI> los_task.o(i.osTaskMonInit)
</UL>
<P><STRONG><a name="[bb]"></a>osTaskWait</STRONG> (Thumb, 70 bytes, Stack size 24 bytes, los_task.o(i.osTaskWait))
<BR><BR>[Stack]<UL><LI>Max Depth = 40<LI>Call Chain = osTaskWait &rArr; osTaskAdd2TimerList
</UL>
<BR>[Calls]<UL><LI><a href="#[ef]">&gt;&gt;</a>&nbsp;&nbsp;&nbsp;osTaskAdd2TimerList
<LI><a href="#[c8]">&gt;&gt;</a>&nbsp;&nbsp;&nbsp;LOS_ListTailInsert
<LI><a href="#[ee]">&gt;&gt;</a>&nbsp;&nbsp;&nbsp;osPriqueueDequeue
</UL>
<BR>[Called By]<UL><LI><a href="#[87]">&gt;&gt;</a>&nbsp;&nbsp;&nbsp;LOS_SemPend
<LI><a href="#[d9]">&gt;&gt;</a>&nbsp;&nbsp;&nbsp;osQueueOperate
<LI><a href="#[85]">&gt;&gt;</a>&nbsp;&nbsp;&nbsp;LOS_MuxPend
<LI><a href="#[7c]">&gt;&gt;</a>&nbsp;&nbsp;&nbsp;LOS_EventRead
</UL>

<P><STRONG><a name="[bd]"></a>osTaskWake</STRONG> (Thumb, 64 bytes, Stack size 16 bytes, los_task.o(i.osTaskWake))
<BR><BR>[Stack]<UL><LI>Max Depth = 24<LI>Call Chain = osTaskWake &rArr; osTimerListDelete
</UL>
<BR>[Calls]<UL><LI><a href="#[f1]">&gt;&gt;</a>&nbsp;&nbsp;&nbsp;osTimerListDelete
<LI><a href="#[ec]">&gt;&gt;</a>&nbsp;&nbsp;&nbsp;LOS_ListDelete
<LI><a href="#[e9]">&gt;&gt;</a>&nbsp;&nbsp;&nbsp;osPriqueueEnqueue
</UL>
<BR>[Called By]<UL><LI><a href="#[88]">&gt;&gt;</a>&nbsp;&nbsp;&nbsp;LOS_SemPost
<LI><a href="#[d9]">&gt;&gt;</a>&nbsp;&nbsp;&nbsp;osQueueOperate
<LI><a href="#[86]">&gt;&gt;</a>&nbsp;&nbsp;&nbsp;LOS_MuxPost
<LI><a href="#[8d]">&gt;&gt;</a>&nbsp;&nbsp;&nbsp;LOS_EventWrite
</UL>

<P><STRONG><a name="[f9]"></a>osTickHandler</STRONG> (Thumb, 34 bytes, Stack size 8 bytes, los_tick.o(i.osTickHandler))
<BR><BR>[Stack]<UL><LI>Max Depth = 184 + Unknown Stack Size
<LI>Call Chain = osTickHandler &rArr; osSwtmrScan &rArr; osSwTmrTimeoutHandle &rArr; LOS_QueueWriteCopy &rArr; osQueueOperate &rArr; osQueueBufferOperate &rArr; __2printf
</UL>
<BR>[Calls]<UL><LI><a href="#[115]">&gt;&gt;</a>&nbsp;&nbsp;&nbsp;osTimesliceCheck
<LI><a href="#[114]">&gt;&gt;</a>&nbsp;&nbsp;&nbsp;osTaskScan
<LI><a href="#[113]">&gt;&gt;</a>&nbsp;&nbsp;&nbsp;osSwtmrScan
</UL>
<BR>[Called By]<UL><LI><a href="#[13]">&gt;&gt;</a>&nbsp;&nbsp;&nbsp;SysTick_Handler
</UL>

<P><STRONG><a name="[e3]"></a>osTickStart</STRONG> (Thumb, 86 bytes, Stack size 8 bytes, los_hw_tick.o(i.osTickStart))
<BR><BR>[Stack]<UL><LI>Max Depth = 8<LI>Call Chain = osTickStart
</UL>
<BR>[Called By]<UL><LI><a href="#[e2]">&gt;&gt;</a>&nbsp;&nbsp;&nbsp;LOS_Start
</UL>

<P><STRONG><a name="[f1]"></a>osTimerListDelete</STRONG> (Thumb, 48 bytes, Stack size 8 bytes, los_task.o(i.osTimerListDelete))
<BR><BR>[Stack]<UL><LI>Max Depth = 8<LI>Call Chain = osTimerListDelete
</UL>
<BR>[Calls]<UL><LI><a href="#[ec]">&gt;&gt;</a>&nbsp;&nbsp;&nbsp;LOS_ListDelete
</UL>
<BR>[Called By]<UL><LI><a href="#[bd]">&gt;&gt;</a>&nbsp;&nbsp;&nbsp;osTaskWake
<LI><a href="#[8a]">&gt;&gt;</a>&nbsp;&nbsp;&nbsp;LOS_TaskDelete
</UL>

<P><STRONG><a name="[115]"></a>osTimesliceCheck</STRONG> (Thumb, 44 bytes, Stack size 0 bytes, los_timeslice.o(i.osTimesliceCheck))
<BR><BR>[Stack]<UL><LI>Max Depth = 24 + Unknown Stack Size
<LI>Call Chain = osTimesliceCheck &rArr; LOS_TaskYield &rArr; LOS_Schedule
</UL>
<BR>[Calls]<UL><LI><a href="#[f0]">&gt;&gt;</a>&nbsp;&nbsp;&nbsp;LOS_TaskYield
</UL>
<BR>[Called By]<UL><LI><a href="#[f9]">&gt;&gt;</a>&nbsp;&nbsp;&nbsp;osTickHandler
</UL>

<P><STRONG><a name="[c6]"></a>osTimesliceInit</STRONG> (Thumb, 12 bytes, Stack size 0 bytes, los_timeslice.o(i.osTimesliceInit))
<BR><BR>[Called By]<UL><LI><a href="#[be]">&gt;&gt;</a>&nbsp;&nbsp;&nbsp;LOS_KernelInit
</UL>

<P><STRONG><a name="[ed]"></a>osTskStackInit</STRONG> (Thumb, 124 bytes, Stack size 16 bytes, los_hw.o(i.osTskStackInit))
<BR><BR>[Stack]<UL><LI>Max Depth = 16<LI>Call Chain = osTskStackInit
</UL>
<BR>[Calls]<UL><LI><a href="#[71]">&gt;&gt;</a>&nbsp;&nbsp;&nbsp;__aeabi_memset
</UL>
<BR>[Called By]<UL><LI><a href="#[e8]">&gt;&gt;</a>&nbsp;&nbsp;&nbsp;LOS_TaskCreateOnly
</UL>
<P>
<H3>
Local Symbols
</H3>
<P><STRONG><a name="[64]"></a>UART_DMAAbortOnError</STRONG> (Thumb, 20 bytes, Stack size 8 bytes, stm32l4xx_hal_uart.o(i.UART_DMAAbortOnError))
<BR><BR>[Stack]<UL><LI>Max Depth = 8<LI>Call Chain = UART_DMAAbortOnError
</UL>
<BR>[Calls]<UL><LI><a href="#[ac]">&gt;&gt;</a>&nbsp;&nbsp;&nbsp;HAL_UART_ErrorCallback
</UL>
<BR>[Address Reference Count : 1]<UL><LI> stm32l4xx_hal_uart.o(i.HAL_UART_IRQHandler)
</UL>
<P><STRONG><a name="[aa]"></a>UART_EndRxTransfer</STRONG> (Thumb, 32 bytes, Stack size 0 bytes, stm32l4xx_hal_uart.o(i.UART_EndRxTransfer))
<BR><BR>[Called By]<UL><LI><a href="#[a9]">&gt;&gt;</a>&nbsp;&nbsp;&nbsp;HAL_UART_IRQHandler
</UL>

<P><STRONG><a name="[a8]"></a>RCC_SetFlashLatencyFromMSIRange</STRONG> (Thumb, 116 bytes, Stack size 24 bytes, stm32l4xx_hal_rcc.o(i.RCC_SetFlashLatencyFromMSIRange))
<BR><BR>[Stack]<UL><LI>Max Depth = 24<LI>Call Chain = RCC_SetFlashLatencyFromMSIRange
</UL>
<BR>[Calls]<UL><LI><a href="#[f8]">&gt;&gt;</a>&nbsp;&nbsp;&nbsp;HAL_PWREx_GetVoltageRange
</UL>
<BR>[Called By]<UL><LI><a href="#[a7]">&gt;&gt;</a>&nbsp;&nbsp;&nbsp;HAL_RCC_OscConfig
</UL>

<P><STRONG><a name="[a3]"></a>RCCEx_PLLSAI1_Config</STRONG> (Thumb, 278 bytes, Stack size 24 bytes, stm32l4xx_hal_rcc_ex.o(i.RCCEx_PLLSAI1_Config))
<BR><BR>[Stack]<UL><LI>Max Depth = 24<LI>Call Chain = RCCEx_PLLSAI1_Config
</UL>
<BR>[Calls]<UL><LI><a href="#[a4]">&gt;&gt;</a>&nbsp;&nbsp;&nbsp;HAL_GetTick
</UL>
<BR>[Called By]<UL><LI><a href="#[a2]">&gt;&gt;</a>&nbsp;&nbsp;&nbsp;HAL_RCCEx_PeriphCLKConfig
</UL>

<P><STRONG><a name="[a1]"></a>NVIC_SetPriority</STRONG> (Thumb, 32 bytes, Stack size 0 bytes, stm32l4xx_hal_cortex.o(i.NVIC_SetPriority))
<BR><BR>[Called By]<UL><LI><a href="#[9f]">&gt;&gt;</a>&nbsp;&nbsp;&nbsp;HAL_NVIC_SetPriority
<LI><a href="#[9e]">&gt;&gt;</a>&nbsp;&nbsp;&nbsp;HAL_SYSTICK_Config
</UL>

<P><STRONG><a name="[112]"></a>osSwTmrTimeoutHandle</STRONG> (Thumb, 98 bytes, Stack size 24 bytes, los_swtmr.o(i.osSwTmrTimeoutHandle))
<BR><BR>[Stack]<UL><LI>Max Depth = 168 + Unknown Stack Size
<LI>Call Chain = osSwTmrTimeoutHandle &rArr; LOS_QueueWriteCopy &rArr; osQueueOperate &rArr; osQueueBufferOperate &rArr; __2printf
</UL>
<BR>[Calls]<UL><LI><a href="#[dd]">&gt;&gt;</a>&nbsp;&nbsp;&nbsp;LOS_QueueWriteCopy
<LI><a href="#[e7]">&gt;&gt;</a>&nbsp;&nbsp;&nbsp;osSwTmrStart
<LI><a href="#[e6]">&gt;&gt;</a>&nbsp;&nbsp;&nbsp;osSwtmrDelete
</UL>
<BR>[Called By]<UL><LI><a href="#[113]">&gt;&gt;</a>&nbsp;&nbsp;&nbsp;osSwtmrScan
</UL>

<P><STRONG><a name="[e6]"></a>osSwtmrDelete</STRONG> (Thumb, 26 bytes, Stack size 0 bytes, los_swtmr.o(i.osSwtmrDelete))
<BR><BR>[Called By]<UL><LI><a href="#[99]">&gt;&gt;</a>&nbsp;&nbsp;&nbsp;LOS_SwtmrDelete
<LI><a href="#[112]">&gt;&gt;</a>&nbsp;&nbsp;&nbsp;osSwTmrTimeoutHandle
</UL>

<P><STRONG><a name="[c9]"></a>LOS_ListAdd</STRONG> (Thumb, 14 bytes, Stack size 0 bytes, los_task.o(i.LOS_ListAdd))
<BR><BR>[Called By]<UL><LI><a href="#[8a]">&gt;&gt;</a>&nbsp;&nbsp;&nbsp;LOS_TaskDelete
<LI><a href="#[e8]">&gt;&gt;</a>&nbsp;&nbsp;&nbsp;LOS_TaskCreateOnly
<LI><a href="#[c8]">&gt;&gt;</a>&nbsp;&nbsp;&nbsp;LOS_ListTailInsert
</UL>

<P><STRONG><a name="[ec]"></a>LOS_ListDelete</STRONG> (Thumb, 20 bytes, Stack size 0 bytes, los_task.o(i.LOS_ListDelete))
<BR><BR>[Called By]<UL><LI><a href="#[f1]">&gt;&gt;</a>&nbsp;&nbsp;&nbsp;osTimerListDelete
<LI><a href="#[bd]">&gt;&gt;</a>&nbsp;&nbsp;&nbsp;osTaskWake
<LI><a href="#[114]">&gt;&gt;</a>&nbsp;&nbsp;&nbsp;osTaskScan
<LI><a href="#[f0]">&gt;&gt;</a>&nbsp;&nbsp;&nbsp;LOS_TaskYield
<LI><a href="#[8a]">&gt;&gt;</a>&nbsp;&nbsp;&nbsp;LOS_TaskDelete
<LI><a href="#[e8]">&gt;&gt;</a>&nbsp;&nbsp;&nbsp;LOS_TaskCreateOnly
</UL>

<P><STRONG><a name="[c8]"></a>LOS_ListTailInsert</STRONG> (Thumb, 6 bytes, Stack size 0 bytes, los_task.o(i.LOS_ListTailInsert))
<BR><BR>[Calls]<UL><LI><a href="#[c9]">&gt;&gt;</a>&nbsp;&nbsp;&nbsp;LOS_ListAdd
</UL>
<BR>[Called By]<UL><LI><a href="#[c0]">&gt;&gt;</a>&nbsp;&nbsp;&nbsp;osTaskInit
<LI><a href="#[bb]">&gt;&gt;</a>&nbsp;&nbsp;&nbsp;osTaskWait
<LI><a href="#[ef]">&gt;&gt;</a>&nbsp;&nbsp;&nbsp;osTaskAdd2TimerList
<LI><a href="#[8a]">&gt;&gt;</a>&nbsp;&nbsp;&nbsp;LOS_TaskDelete
</UL>

<P><STRONG><a name="[d3]"></a>LOS_ListAdd</STRONG> (Thumb, 14 bytes, Stack size 0 bytes, los_mux.o(i.LOS_ListAdd))
<BR><BR>[Called By]<UL><LI><a href="#[c3]">&gt;&gt;</a>&nbsp;&nbsp;&nbsp;osMuxInit
<LI><a href="#[84]">&gt;&gt;</a>&nbsp;&nbsp;&nbsp;LOS_MuxDelete
</UL>

<P><STRONG><a name="[d6]"></a>LOS_ListAdd</STRONG> (Thumb, 14 bytes, Stack size 0 bytes, los_queue.o(i.LOS_ListAdd))
<BR><BR>[Called By]<UL><LI><a href="#[c4]">&gt;&gt;</a>&nbsp;&nbsp;&nbsp;osQueueInit
<LI><a href="#[d5]">&gt;&gt;</a>&nbsp;&nbsp;&nbsp;LOS_QueueDelete
</UL>

<P><STRONG><a name="[107]"></a>osQueueBufferOperate</STRONG> (Thumb, 168 bytes, Stack size 24 bytes, los_queue.o(i.osQueueBufferOperate))
<BR><BR>[Stack]<UL><LI>Max Depth = 48<LI>Call Chain = osQueueBufferOperate &rArr; __2printf
</UL>
<BR>[Calls]<UL><LI><a href="#[108]">&gt;&gt;</a>&nbsp;&nbsp;&nbsp;__aeabi_memcpy
<LI><a href="#[75]">&gt;&gt;</a>&nbsp;&nbsp;&nbsp;__2printf
</UL>
<BR>[Called By]<UL><LI><a href="#[d9]">&gt;&gt;</a>&nbsp;&nbsp;&nbsp;osQueueOperate
</UL>

<P><STRONG><a name="[d8]"></a>osQueueReadParameterCheck</STRONG> (Thumb, 48 bytes, Stack size 8 bytes, los_queue.o(i.osQueueReadParameterCheck))
<BR><BR>[Stack]<UL><LI>Max Depth = 8<LI>Call Chain = osQueueReadParameterCheck
</UL>
<BR>[Calls]<UL><LI><a href="#[ba]">&gt;&gt;</a>&nbsp;&nbsp;&nbsp;osIntNumGet
</UL>
<BR>[Called By]<UL><LI><a href="#[da]">&gt;&gt;</a>&nbsp;&nbsp;&nbsp;LOS_QueueReadCopy
<LI><a href="#[d7]">&gt;&gt;</a>&nbsp;&nbsp;&nbsp;LOS_QueueRead
</UL>

<P><STRONG><a name="[dc]"></a>osQueueWriteParameterCheck</STRONG> (Thumb, 46 bytes, Stack size 8 bytes, los_queue.o(i.osQueueWriteParameterCheck))
<BR><BR>[Stack]<UL><LI>Max Depth = 8<LI>Call Chain = osQueueWriteParameterCheck
</UL>
<BR>[Calls]<UL><LI><a href="#[ba]">&gt;&gt;</a>&nbsp;&nbsp;&nbsp;osIntNumGet
</UL>
<BR>[Called By]<UL><LI><a href="#[dd]">&gt;&gt;</a>&nbsp;&nbsp;&nbsp;LOS_QueueWriteCopy
<LI><a href="#[db]">&gt;&gt;</a>&nbsp;&nbsp;&nbsp;LOS_QueueWrite
</UL>

<P><STRONG><a name="[e1]"></a>LOS_ListAdd</STRONG> (Thumb, 14 bytes, Stack size 0 bytes, los_sem.o(i.LOS_ListAdd))
<BR><BR>[Called By]<UL><LI><a href="#[c2]">&gt;&gt;</a>&nbsp;&nbsp;&nbsp;osSemInit
<LI><a href="#[8b]">&gt;&gt;</a>&nbsp;&nbsp;&nbsp;LOS_SemDelete
</UL>

<P><STRONG><a name="[95]"></a>LOS_ListAdd</STRONG> (Thumb, 14 bytes, Stack size 0 bytes, los_api_list.o(i.LOS_ListAdd))
<BR><BR>[Called By]<UL><LI><a href="#[7]">&gt;&gt;</a>&nbsp;&nbsp;&nbsp;Example_list
</UL>

<P><STRONG><a name="[5a]"></a>recv_Entry</STRONG> (Thumb, 98 bytes, Stack size 16 bytes, los_api_msgqueue.o(i.recv_Entry))
<BR><BR>[Stack]<UL><LI>Max Depth = 160 + Unknown Stack Size
<LI>Call Chain = recv_Entry &rArr; LOS_QueueRead &rArr; osQueueOperate &rArr; osQueueBufferOperate &rArr; __2printf
</UL>
<BR>[Calls]<UL><LI><a href="#[7f]">&gt;&gt;</a>&nbsp;&nbsp;&nbsp;LOS_TaskDelay
<LI><a href="#[d7]">&gt;&gt;</a>&nbsp;&nbsp;&nbsp;LOS_QueueRead
<LI><a href="#[d5]">&gt;&gt;</a>&nbsp;&nbsp;&nbsp;LOS_QueueDelete
<LI><a href="#[78]">&gt;&gt;</a>&nbsp;&nbsp;&nbsp;LOS_InspectStatusSetByID
<LI><a href="#[75]">&gt;&gt;</a>&nbsp;&nbsp;&nbsp;__2printf
</UL>
<BR>[Address Reference Count : 1]<UL><LI> los_api_msgqueue.o(i.Example_MsgQueue)
</UL>
<P><STRONG><a name="[59]"></a>send_Entry</STRONG> (Thumb, 64 bytes, Stack size 24 bytes, los_api_msgqueue.o(i.send_Entry))
<BR><BR>[Stack]<UL><LI>Max Depth = 160 + Unknown Stack Size
<LI>Call Chain = send_Entry &rArr; LOS_QueueWrite &rArr; osQueueOperate &rArr; osQueueBufferOperate &rArr; __2printf
</UL>
<BR>[Calls]<UL><LI><a href="#[7f]">&gt;&gt;</a>&nbsp;&nbsp;&nbsp;LOS_TaskDelay
<LI><a href="#[db]">&gt;&gt;</a>&nbsp;&nbsp;&nbsp;LOS_QueueWrite
<LI><a href="#[75]">&gt;&gt;</a>&nbsp;&nbsp;&nbsp;__2printf
</UL>
<BR>[Address Reference Count : 1]<UL><LI> los_api_msgqueue.o(i.Example_MsgQueue)
</UL>
<P><STRONG><a name="[5b]"></a>Example_MutexTask1</STRONG> (Thumb, 100 bytes, Stack size 8 bytes, los_api_mutex.o(i.Example_MutexTask1))
<BR><BR>[Stack]<UL><LI>Max Depth = 80 + Unknown Stack Size
<LI>Call Chain = Example_MutexTask1 &rArr; LOS_MuxPend &rArr; osTaskWait &rArr; osTaskAdd2TimerList
</UL>
<BR>[Calls]<UL><LI><a href="#[86]">&gt;&gt;</a>&nbsp;&nbsp;&nbsp;LOS_MuxPost
<LI><a href="#[85]">&gt;&gt;</a>&nbsp;&nbsp;&nbsp;LOS_MuxPend
<LI><a href="#[78]">&gt;&gt;</a>&nbsp;&nbsp;&nbsp;LOS_InspectStatusSetByID
<LI><a href="#[75]">&gt;&gt;</a>&nbsp;&nbsp;&nbsp;__2printf
</UL>
<BR>[Address Reference Count : 1]<UL><LI> los_api_mutex.o(i.Example_MutexLock)
</UL>
<P><STRONG><a name="[5c]"></a>Example_MutexTask2</STRONG> (Thumb, 60 bytes, Stack size 8 bytes, los_api_mutex.o(i.Example_MutexTask2))
<BR><BR>[Stack]<UL><LI>Max Depth = 80 + Unknown Stack Size
<LI>Call Chain = Example_MutexTask2 &rArr; LOS_MuxPend &rArr; osTaskWait &rArr; osTaskAdd2TimerList
</UL>
<BR>[Calls]<UL><LI><a href="#[7f]">&gt;&gt;</a>&nbsp;&nbsp;&nbsp;LOS_TaskDelay
<LI><a href="#[86]">&gt;&gt;</a>&nbsp;&nbsp;&nbsp;LOS_MuxPost
<LI><a href="#[85]">&gt;&gt;</a>&nbsp;&nbsp;&nbsp;LOS_MuxPend
<LI><a href="#[75]">&gt;&gt;</a>&nbsp;&nbsp;&nbsp;__2printf
</UL>
<BR>[Address Reference Count : 1]<UL><LI> los_api_mutex.o(i.Example_MutexLock)
</UL>
<P><STRONG><a name="[5d]"></a>Example_SemTask1</STRONG> (Thumb, 94 bytes, Stack size 8 bytes, los_api_sem.o(i.Example_SemTask1))
<BR><BR>[Stack]<UL><LI>Max Depth = 80 + Unknown Stack Size
<LI>Call Chain = Example_SemTask1 &rArr; LOS_SemPend &rArr; osTaskWait &rArr; osTaskAdd2TimerList
</UL>
<BR>[Calls]<UL><LI><a href="#[88]">&gt;&gt;</a>&nbsp;&nbsp;&nbsp;LOS_SemPost
<LI><a href="#[87]">&gt;&gt;</a>&nbsp;&nbsp;&nbsp;LOS_SemPend
<LI><a href="#[78]">&gt;&gt;</a>&nbsp;&nbsp;&nbsp;LOS_InspectStatusSetByID
<LI><a href="#[75]">&gt;&gt;</a>&nbsp;&nbsp;&nbsp;__2printf
</UL>
<BR>[Address Reference Count : 1]<UL><LI> los_api_sem.o(i.Example_Semphore)
</UL>
<P><STRONG><a name="[5e]"></a>Example_SemTask2</STRONG> (Thumb, 50 bytes, Stack size 8 bytes, los_api_sem.o(i.Example_SemTask2))
<BR><BR>[Stack]<UL><LI>Max Depth = 80 + Unknown Stack Size
<LI>Call Chain = Example_SemTask2 &rArr; LOS_SemPend &rArr; osTaskWait &rArr; osTaskAdd2TimerList
</UL>
<BR>[Calls]<UL><LI><a href="#[7f]">&gt;&gt;</a>&nbsp;&nbsp;&nbsp;LOS_TaskDelay
<LI><a href="#[88]">&gt;&gt;</a>&nbsp;&nbsp;&nbsp;LOS_SemPost
<LI><a href="#[87]">&gt;&gt;</a>&nbsp;&nbsp;&nbsp;LOS_SemPend
<LI><a href="#[75]">&gt;&gt;</a>&nbsp;&nbsp;&nbsp;__2printf
</UL>
<BR>[Address Reference Count : 1]<UL><LI> los_api_sem.o(i.Example_Semphore)
</UL>
<P><STRONG><a name="[60]"></a>Example_TaskHi</STRONG> (Thumb, 100 bytes, Stack size 8 bytes, los_api_task.o(i.Example_TaskHi))
<BR><BR>[Stack]<UL><LI>Max Depth = 104 + Unknown Stack Size
<LI>Call Chain = Example_TaskHi &rArr; LOS_TaskDelete &rArr; LOS_MemFree &rArr; osHeapFree &rArr; __2printf
</UL>
<BR>[Calls]<UL><LI><a href="#[93]">&gt;&gt;</a>&nbsp;&nbsp;&nbsp;LOS_TaskSuspend
<LI><a href="#[8a]">&gt;&gt;</a>&nbsp;&nbsp;&nbsp;LOS_TaskDelete
<LI><a href="#[7f]">&gt;&gt;</a>&nbsp;&nbsp;&nbsp;LOS_TaskDelay
<LI><a href="#[78]">&gt;&gt;</a>&nbsp;&nbsp;&nbsp;LOS_InspectStatusSetByID
<LI><a href="#[75]">&gt;&gt;</a>&nbsp;&nbsp;&nbsp;__2printf
</UL>
<BR>[Address Reference Count : 1]<UL><LI> los_api_task.o(i.Example_TskCaseEntry)
</UL>
<P><STRONG><a name="[61]"></a>Example_TaskLo</STRONG> (Thumb, 78 bytes, Stack size 8 bytes, los_api_task.o(i.Example_TaskLo))
<BR><BR>[Stack]<UL><LI>Max Depth = 104 + Unknown Stack Size
<LI>Call Chain = Example_TaskLo &rArr; LOS_TaskDelete &rArr; LOS_MemFree &rArr; osHeapFree &rArr; __2printf
</UL>
<BR>[Calls]<UL><LI><a href="#[94]">&gt;&gt;</a>&nbsp;&nbsp;&nbsp;LOS_TaskResume
<LI><a href="#[8a]">&gt;&gt;</a>&nbsp;&nbsp;&nbsp;LOS_TaskDelete
<LI><a href="#[7f]">&gt;&gt;</a>&nbsp;&nbsp;&nbsp;LOS_TaskDelay
<LI><a href="#[78]">&gt;&gt;</a>&nbsp;&nbsp;&nbsp;LOS_InspectStatusSetByID
<LI><a href="#[75]">&gt;&gt;</a>&nbsp;&nbsp;&nbsp;__2printf
</UL>
<BR>[Address Reference Count : 1]<UL><LI> los_api_task.o(i.Example_TskCaseEntry)
</UL>
<P><STRONG><a name="[62]"></a>Timer1_Callback</STRONG> (Thumb, 36 bytes, Stack size 16 bytes, los_api_timer.o(i.Timer1_Callback))
<BR><BR>[Stack]<UL><LI>Max Depth = 40<LI>Call Chain = Timer1_Callback &rArr; __2printf
</UL>
<BR>[Calls]<UL><LI><a href="#[7e]">&gt;&gt;</a>&nbsp;&nbsp;&nbsp;LOS_TickCountGet
<LI><a href="#[75]">&gt;&gt;</a>&nbsp;&nbsp;&nbsp;__2printf
</UL>
<BR>[Address Reference Count : 1]<UL><LI> los_api_timer.o(i.Example_swTimer)
</UL>
<P><STRONG><a name="[63]"></a>Timer2_Callback</STRONG> (Thumb, 54 bytes, Stack size 8 bytes, los_api_timer.o(i.Timer2_Callback))
<BR><BR>[Stack]<UL><LI>Max Depth = 40<LI>Call Chain = Timer2_Callback &rArr; LOS_InspectStatusSetByID &rArr; __2printf
</UL>
<BR>[Calls]<UL><LI><a href="#[7e]">&gt;&gt;</a>&nbsp;&nbsp;&nbsp;LOS_TickCountGet
<LI><a href="#[78]">&gt;&gt;</a>&nbsp;&nbsp;&nbsp;LOS_InspectStatusSetByID
<LI><a href="#[75]">&gt;&gt;</a>&nbsp;&nbsp;&nbsp;__2printf
</UL>
<BR>[Address Reference Count : 1]<UL><LI> los_api_timer.o(i.Example_swTimer)
</UL>
<P><STRONG><a name="[57]"></a>Example_TaskHi_1</STRONG> (Thumb, 100 bytes, Stack size 8 bytes, ex_task.o(i.Example_TaskHi_1))
<BR><BR>[Stack]<UL><LI>Max Depth = 104 + Unknown Stack Size
<LI>Call Chain = Example_TaskHi_1 &rArr; LOS_TaskDelete &rArr; LOS_MemFree &rArr; osHeapFree &rArr; __2printf
</UL>
<BR>[Calls]<UL><LI><a href="#[93]">&gt;&gt;</a>&nbsp;&nbsp;&nbsp;LOS_TaskSuspend
<LI><a href="#[8a]">&gt;&gt;</a>&nbsp;&nbsp;&nbsp;LOS_TaskDelete
<LI><a href="#[7f]">&gt;&gt;</a>&nbsp;&nbsp;&nbsp;LOS_TaskDelay
<LI><a href="#[78]">&gt;&gt;</a>&nbsp;&nbsp;&nbsp;LOS_InspectStatusSetByID
<LI><a href="#[75]">&gt;&gt;</a>&nbsp;&nbsp;&nbsp;__2printf
</UL>
<BR>[Address Reference Count : 1]<UL><LI> ex_task.o(i.Example_Entry)
</UL>
<P><STRONG><a name="[58]"></a>Example_TaskLo_1</STRONG> (Thumb, 78 bytes, Stack size 8 bytes, ex_task.o(i.Example_TaskLo_1))
<BR><BR>[Stack]<UL><LI>Max Depth = 104 + Unknown Stack Size
<LI>Call Chain = Example_TaskLo_1 &rArr; LOS_TaskDelete &rArr; LOS_MemFree &rArr; osHeapFree &rArr; __2printf
</UL>
<BR>[Calls]<UL><LI><a href="#[94]">&gt;&gt;</a>&nbsp;&nbsp;&nbsp;LOS_TaskResume
<LI><a href="#[8a]">&gt;&gt;</a>&nbsp;&nbsp;&nbsp;LOS_TaskDelete
<LI><a href="#[7f]">&gt;&gt;</a>&nbsp;&nbsp;&nbsp;LOS_TaskDelay
<LI><a href="#[78]">&gt;&gt;</a>&nbsp;&nbsp;&nbsp;LOS_InspectStatusSetByID
<LI><a href="#[75]">&gt;&gt;</a>&nbsp;&nbsp;&nbsp;__2printf
</UL>
<BR>[Address Reference Count : 1]<UL><LI> ex_task.o(i.Example_Entry)
</UL>
<P><STRONG><a name="[ff]"></a>_printf_core</STRONG> (Thumb, 996 bytes, Stack size 104 bytes, printf8.o(i._printf_core), UNUSED)
<BR><BR>[Calls]<UL><LI><a href="#[6d]">&gt;&gt;</a>&nbsp;&nbsp;&nbsp;__aeabi_uldivmod
<LI><a href="#[100]">&gt;&gt;</a>&nbsp;&nbsp;&nbsp;_printf_pre_padding
<LI><a href="#[101]">&gt;&gt;</a>&nbsp;&nbsp;&nbsp;_printf_post_padding
</UL>
<BR>[Called By]<UL><LI><a href="#[fe]">&gt;&gt;</a>&nbsp;&nbsp;&nbsp;__0printf$8
</UL>

<P><STRONG><a name="[101]"></a>_printf_post_padding</STRONG> (Thumb, 36 bytes, Stack size 24 bytes, printf8.o(i._printf_post_padding), UNUSED)
<BR><BR>[Called By]<UL><LI><a href="#[ff]">&gt;&gt;</a>&nbsp;&nbsp;&nbsp;_printf_core
</UL>

<P><STRONG><a name="[100]"></a>_printf_pre_padding</STRONG> (Thumb, 46 bytes, Stack size 24 bytes, printf8.o(i._printf_pre_padding), UNUSED)
<BR><BR>[Called By]<UL><LI><a href="#[ff]">&gt;&gt;</a>&nbsp;&nbsp;&nbsp;_printf_core
</UL>
<P>
<H3>
Undefined Global Symbols
</H3><HR></body></html>
